N° DATO NIVEL CONDICIÓN INFORMÁTICA TIPO Y LONGITUD FORMATO TAG UBL VALIDACIÓN / CONDICIÓN "TIPO DE
RETORNO" CODIGO RETORNO MENSAJE DE RETORNO REST o XSL LISTADOS
- -
Datos de guía de remisión
1 Versión del UBL Global M an..3 2.1 /DespatchAdvice/cbc:UBLVersionID No existe el Tag UBL o es vacío ERROR 2111 El XML no contiene el tag o no existe informacion de UBLVersionID XSL
El valor del Tag UBL es diferente a '2.1' ERROR 2110 UBLVersionID - La versión del UBL no es correcta XSL
2 Versión de la estructura del documento Global M an..3 2.0 /DespatchAdvice/cbc:CustomizationID No existe el Tag UBL o es vacío ERROR 2113 El XML no contiene el tag o no existe informacion de CustomizationID XSL
El valor del Tag UBL es diferente a '2.0' ERROR 2112 CustomizationID - La version del documento no es correcta XSL
3 Numeracion, conformada por serie y Número correlativo Global M an..13 T###-NNNNNNNN /DespatchAdvice/cbc:ID "El formato del Tag UBL es diferente a:
[T][A-Z0-9]{3}-[0-9]{1,8}" ERROR 1001 ID - El dato SERIE-CORRELATIVO no cumple con el formato de acuerdo al tipo de comprobante XSL
El número de serie del Tag UBL es diferente al número de serie del archivo ERROR 1035 Numero de Serie del nombre del archivo no coincide con el consignado en el contenido del archivo XML XSL
El número de documento del Tag UBL es diferente al número de documento del archivo ERROR 1036 Número de documento en el nombre del archivo no coincide con el consignado en el contenido del XML XSL
El valor del Tag UBL se encuentra en el listado con indicador de estado igual a 1 ERROR 1033 El comprobante fue registrado previamente con otros datos REST Comprobantes de pago electrónico
El valor del Tag UBL se encuentra en el listado con indicador de estado igual a 2 ERROR 1032 El comprobante ya esta informado y se encuentra con estado anulado o rechazado REST Comprobantes de pago electrónico
4 Fecha de emisión Global M an10 YYYY-MM-DD /DespatchAdvice/cbc:IssueDate El valor del Tag UBL no cumple con el formato establecido ERROR 3436 El campo de fecha de emision no cumple con el formato establecido XSL
La diferencia entre la fecha de recepción del XML y el valor del Tag UBL es mayor al límite del listado (1 día) ERROR 2108 Presentacion fuera de fecha REST Parámetros (004)
El valor del Tag UBL es mayor a la fecha de recepción (TODAY) o es 12/07/2022 ERROR 2329 La fecha de emision se encuentra fuera del limite permitido XSL
5 Hora de emisión Global M an8 hh:mm:ss /DespatchAdvice/cbc:IssueTime No existe el Tag UBL ERROR 3437 No existe informacion en el campo de hora de emision XSL
El valor del Tag UBL no cumple con el formato establecido ERROR 3438 El campo de hora de emision no cumple con el formato establecido XSL
6 Tipo de documento (Guia) Global M an2 "09" /DespatchAdvice/cbc:DespatchAdviceTypeCode No existe el Tag UBL o es vacío ERROR 1050 El XML no contiene informacion en el tag DespatchAdviceTypeCode. XSL
El valor del Tag UBL es diferente a '09' ERROR 1051 DespatchAdviceTypeCode - El valor del tipo de guía es inválido. XSL
"PE:SUNAT" @listAgencyName Si existe el atributo, el valor ingresado es diferente a 'PE:SUNAT' OBSERV 4251 El dato ingresado como atributo @listAgencyName es incorrecto. XSL
"Tipo de Documento" @listName Si existe el atributo, el valor ingresado es diferente a 'Tipo de Documento' OBSERV 4252 El dato ingresado como atributo @listName es incorrecto. XSL
"urn:pe:gob:sunat:cpe:see:gem:catalogos:catalogo01" @listURI Si existe el atributo, el valor ingresado es diferente a 'urn:pe:gob:sunat:cpe:see:gem:catalogos:catalogo01' OBSERV 4253 El dato ingresado como atributo @listURI es incorrecto. XSL
7 Observaciones (Texto) Global C an..250 /DespatchAdvice/cbc:Note Si el Tag UBL existe, el formato del Tag UBL es diferente a alfanumérico de hasta 250 caracteres o es vacío (se considera cualquier carácter incluido espacio, no se permite ningún otro 'whitespace character': salto de línea, tab, fin de línea, etc. Tampoco se permite solo espacios en blanco) OBSERV 4186 cbc:Note - El campo observaciones supera la cantidad maxima especificada (250 carácteres). XSL
Datos del Remitente
8 Tipo y número de documento de identidad del remitente Global M an1 "6" /DespatchAdvice/cac:DespatchSupplierParty/cac:Party/cac:PartyIdentification/cbc:ID@schemeID (Tipo de documento de identidad del remitente) No existe el atributo o es vacío ERROR 2678 El XML no contiene el atributo o no existe información del tipo de documento del emisor XSL
El valor del atributo es diferente a '6' ERROR 2511 El tipo de documento no es aceptado. XSL
"Documento de Identidad" @schemeName Si existe el atributo, el valor ingresado es diferente a 'Documento de Identidad' OBSERV 4255 El dato ingresado como atributo @schemeName es incorrecto. XSL
"PE:SUNAT" @schemeAgencyName Si existe el atributo, el valor ingresado es diferente a 'PE:SUNAT' OBSERV 4256 El dato ingresado como atributo @schemeAgencyName es incorrecto. XSL
"urn:pe:gob:sunat:cpe:see:gem:catalogos:catalogo06" @schemeURI Si existe el atributo, el valor ingresado es diferente a 'urn:pe:gob:sunat:cpe:see:gem:catalogos:catalogo06' OBSERV 4257 El dato ingresado como atributo @schemeURI es incorrecto. XSL
an11 n11 /DespatchAdvice/cac:DespatchSupplierParty/cac:Party/cac:PartyIdentification/cbc:ID (Número de documento de identidad del remitente) El Tag UBL es diferente al RUC del nombre del XML ERROR 1034 Número de RUC del nombre del archivo no coincide con el consignado en el contenido del archivo XML XSL
El valor del Tag UBL tiene un ind_estado diferente '00' en el listado ERROR 2010 El contribuyente no esta activo REST Contribuyentes
El valor del Tag UBL tiene un ind_condicion diferente a '00' en el listado ERROR 2011 El contribuyente no esta habido REST Contribuyentes
Se encuentra afecto exclusivamente solo a los tributos Renta de primera categoría, Renta de segunda categoría o Renta de cuarta categoría (no está afecto a ningún otro tributo distinto de los indicados) ERROR 3439 El RUC no esta afecto a los tributos autorizados
"Se encuentra afecto exclusivamente solo a los tributos Renta de primera categoría, Renta de segunda categoría o Renta de cuarta categoría (no está afecto a ningún otro tributo distinto de los indicados: 030101, 030201 y 030401)

Versión para SUNAT" ERROR 3439 El RUC no esta afecto a los tributos autorizados REST Afectación
9 Apellidos y nombres, denominación o razón social del remitente Global M an..250 /DespatchAdvice/cac:DespatchSupplierParty/cac:Party/cac:PartyLegalEntity/cbc:RegistrationName No existe el Tag UBL o es vacío ERROR 1037 El XML no contiene el tag o no existe informacion de RegistrationName del emisor del documento XSL
El formato del Tag UBL es diferente a alfanumérico de hasta 250 caracteres (se considera cualquier carácter incluido espacio, no se permite ningún otro 'whitespace character': salto de línea, tab, fin de línea, etc. Tampoco se permite solo espacios en blanco) OBSERV 4338 RegistrationName - El nombre o razon social del emisor no cumple con el estandar XSL
10 "Entidad emisora de la autorización especial - remitente

Número de autorización especial emitido por la entidad - remitente" Global C an..50 /DespatchAdvice/cac:Shipment/cac:Delivery/cac:Despatch/cac:DespatchParty/cac:AgentParty/cac:PartyLegalEntity/cbc:CompanyID (Número de autorización) Si el Tag UBL existe, el formato del Tag UBL es diferente a alfanumérico de 3 a 50 caracteres (se considera cualquier carácter incluido espacio, no se permite ningún otro 'whitespace character': salto de línea, tab, fin de línea, etc. Tampoco se permite solo espacios en blanco) OBSERV 4369 El dato ingresado como numero de autorizacion del Remitente no cumple con el formato establecido XSL
Si el Tag UBL existe y es diferente de vacío, existe otro cac:PartyLegalEntity ERROR 3353 Solo debe consignar un Numero de autorizacion XSL
an2 (Catálogo N.° D-37) /DespatchAdvice/cac:Shipment/cac:Delivery/cac:Despatch/cac:DespatchParty/cac:AgentParty/cac:PartyLegalEntity/cbc:CompanyID@schemeID (Código de entidad autorizadora) Si existe el atributo y es diferente de vacío, el valor ingresado no se encuentra en el listado OBSERV 4395 El Codigo de entidad autorizadora es invalido XSL Catálogo (D-37)
Si existe 'Número de autorización' con valor diferente de vacío, no existe el atributo o es vacío OBSERV 4394 Debe indicar la entidad autorizadora de la autorizacion especial XSL
Si existe el atributo y el valor ingresado es diferente de vacío, el 'Número de Autorización' es vacío OBSERV 4397 SI existe el Codigo de entidad autorizadora, debe consignar el Numero de autorizacion especial de la empresa XSL
"Entidad Autorizadora" @schemeName Si existe el atributo, el valor ingresado es diferente a 'Entidad Autorizadora' OBSERV 4255 El dato ingresado como atributo @schemeName es incorrecto. XSL
"PE:SUNAT" @schemeAgencyName Si existe el atributo, el valor ingresado es diferente a 'PE:SUNAT' OBSERV 4256 El dato ingresado como atributo @schemeAgencyName es incorrecto. XSL
Documento relacionado - incremental
11 Tipo de documento (Descripción) Global C an..120 /DespatchAdvice/cac:AdditionalDocumentReference/cbc:DocumentType Si existe 'Código del tipo de documento relacionado' y es diferente de vacío, no existe el Tag UBL o es vacío OBSERV 4371 El XML no contiene el tag o no existe informacion de la descripcion del tipo de documento relacionado XSL
Si el Tag UBL existe y es diferente de vacío, no existe 'Código del tipo de documento relacionado' o es vacío OBSERV 4410 Si existe descripcion del documento relacionado debe existir informacion del codigo y numero del documento relacionado XSL
Si el Tag UBL existe y es diferente de vacío, el formato es diferente a alfanumérico de hasta 120 caracteres (se considera cualquier carácter incluido espacio, no se permite ningún otro 'whitespace character': salto de línea, tab, fin de línea, etc. Tampoco se permite solo espacios en blanco) OBSERV 4372 La descripcion del tipo de documento relacionado no cumple con el estandar XSL
12 Código del tipo de documento relacionado Global C an2 (Catálogo N° 61) /DespatchAdvice/cac:AdditionalDocumentReference/cbc:DocumentTypeCode Si el Tag UBL existe y es diferente de vacío, el valor del Tag UBL no está en el listado de acuerdo al tipo de guía ERROR 2692 El tipo de documento relacionado no es válido XSL Catálogo (061)
Si el Tag UBL existe y es diferente de vacío, el 'Número de documento relacionado' es vacío ERROR 3403 El XML no contiene el tag o no existe informacion del numero de documento relacionado XSL
Si el 'Motivo de traslado' es '08' o '09' y no existe un Documento relacionado (cac:AdditionalDocumentReference) con 'Código del tipo de documento relacionado' igual a '50' o '52' ERROR 3440 No se ha ingresado el tipo Declaracion Aduanera de Mercancias (DAM) o el Declaracion Simplificada (DS) para el motivo de traslado selecionado XSL
Si el 'Motivo de traslado' es '08' o '09' y existe un Documento relacionado (cac:AdditionalDocumentReference) con 'Código del tipo de documento relacionado' diferente a '09', '49', '50', '52' y '80' ERROR 3445 El tipo de documento relacionado no corresponde para motivo de traslado seleccionado XSL
Si el 'Motivo de traslado' diferente a '08', '09' y '13' y existe un Documento relacionado (cac:AdditionalDocumentReference) con 'Código del tipo de documento relacionado' igual a '50' o '52' ERROR 3445 El tipo de documento relacionado no corresponde para motivo de traslado seleccionado XSL
Si el Tag UBL existe y es '49' o '80', y no existe el 'Indicador de traslado total de la DAM o la DS' (Falso), no existe ningún 'Bien a trasladar' (cac:DespatchLine) con 'Partida arancelaria' (cac:AdditionalItemProperty con cbc:NameCode igual a '7020') ERROR 3352 Si ingreso un documento relacionado tipo "49" (solo en caso de GRE-Remitente) u "80", debe existir al menos un item con Partida arancelaria XSL
"PE:SUNAT" @listAgencyName Si existe el atributo, el valor ingresado es diferente a 'PE:SUNAT' OBSERV 4251 El dato ingresado como atributo @listAgencyName es incorrecto. XSL
"Documento relacionado al transporte" @listName Si existe el atributo, el valor ingresado es diferente a 'Documento relacionado al transporte' OBSERV 4252 El dato ingresado como atributo @listName es incorrecto. XSL
"urn:pe:gob:sunat:cpe:see:gem:catalogos:catalogo61" @listURI Si existe el atributo, el valor ingresado es diferente a 'urn:pe:gob:sunat:cpe:see:gem:catalogos:catalogo61' OBSERV 4253 El dato ingresado como atributo @listURI es incorrecto. XSL
13 Número de documento relacionado Global C an..100 /DespatchAdvice/cac:AdditionalDocumentReference/cbc:ID Si el valor del Tag UBL es diferente de vacío, el 'Código del tipo de documento relacionado' concatenado con el valor del Tag UBL se repite en el /DespatchAdvice ERROR 3340 El documento relacionado al traslado de mercancias se encuentra duplicado XSL
Si el valor del Tag UBL es diferente de vacío, el 'Código del tipo de documento relacionado' no existe o es vacío ERROR 3376 El XML no contiene el tag o no existe informacion del Codigo de tipo de documento relacionado XSL
"Si el 'Código del tipo de documento relacionado' es '01', el formato del Tag UBL es diferente a <Serie>-<Numero> con la siguiente estructura:
        - [F][A-Z0-9]{3}-[0-9]{1,8}
        - (E001)-[0-9]{1,8}
        - [0-9]{1,4}-[0-9]{1,8}
        El campo <Numero> debe ser mayor a cero" ERROR 3441 El numero de documento relacionado al traslado de mercancias no cumple con el formato establecido XSL
            "Si el 'Código del tipo de documento relacionado' es '03', el formato del Tag UBL es diferente a <Serie>-<Numero> con la siguiente estructura:
                    - [B][A-Z0-9]{3}-[0-9]{1,8}
                    - (EB01)-[0-9]{1,8}
                    - [0-9]{1,4}-[0-9]{1,8}
                    El campo <Numero> debe ser mayor a cero" ERROR 3441 El numero de documento relacionado al traslado de mercancias no cumple con el formato establecido XSL
                        "Si el 'Código del tipo de documento relacionado' es '04', el formato del Tag UBL es diferente a <Serie>-<Numero> con la siguiente estructura:
                                - [L][A-Z0-9]{3}-[0-9]{1,8}
                                - (E001)-[0-9]{1,8}
                                - [0-9]{1,4}-[0-9]{1,8}
                                El campo <Numero> debe ser mayor a cero" ERROR 3441 El numero de documento relacionado al traslado de mercancias no cumple con el formato establecido XSL
                                    "Si el 'Código del tipo de documento relacionado' es '09', el formato del Tag UBL es diferente a <Serie>-<Numero> con la siguiente estructura:
                                            - [T][A-Z0-9]{3}-[0-9]{1,8}
                                            - (EG07)-[0-9]{1,8}
                                            - (EG02)-[0-9]{1,8}
                                            El campo <Numero> debe ser mayor a cero" ERROR 3441 El numero de documento relacionado al traslado de mercancias no cumple con el formato establecido XSL
                                                "Si el 'Código del tipo de documento relacionado' es '12', el formato del Tag UBL es diferente a <Serie>-<Numero> con la siguiente estructura:
                                                        - [a-zA-Z0-9-]{1,20}-[a-zA-Z0-9-]{1,20}" ERROR 3441 El numero de documento relacionado al traslado de mercancias no cumple con el formato establecido XSL
                                                        "Si el 'Código del tipo de documento relacionado' es '48', el formato del Tag UBL es diferente a <Serie>-<Numero> con la siguiente estructura:
                                                                - [0-9]{1,4}-[0-9]{1,7}
                                                                El campo <Numero> debe ser mayor a cero" ERROR 3441 El numero de documento relacionado al traslado de mercancias no cumple con el formato establecido XSL
                                                                    Si el 'Código del tipo de documento relacionado' es '49', el formato del Tag UBL es diferente a numérico hasta 15 dígitos (debe ser mayor a cero) ERROR 3441 El numero de documento relacionado al traslado de mercancias no cumple con el formato establecido XSL
                                                                    Si el 'Código del tipo de documento relacionado' es '80', el formato del Tag UBL es diferente a numérico hasta 15 dígitos (debe ser mayor a cero) ERROR 3441 El numero de documento relacionado al traslado de mercancias no cumple con el formato establecido XSL
                                                                    Si el 'Código del tipo de documento relacionado' es '81', el formato del Tag UBL es diferente de alfanumérico de hasta 20 caracteres ERROR 3441 El numero de documento relacionado al traslado de mercancias no cumple con el formato establecido XSL
                                                                    "Si el 'Código del tipo de documento relacionado' es '50' o '52', el formato del Tag UBL es diferente de:
                                                                    - [0-9]{3}-[0-9]{4}-[0-9]{2}-[0-9]{1,6}
                                                                    donde: [0-9]{3}: Código de la Aduana, [0-9]{4}: Año, [0-9]{2} Régimen aduanero, [0-9]{1,6} Correlativo" ERROR 3441 El numero de documento relacionado al traslado de mercancias no cumple con el formato establecido XSL
                                                                    "Si el 'Código del tipo de documento relacionado' es '50' y el 'Motivo de traslado' es '08' el formato del Tag UBL es diferente de:
                                                                    - [0-9]{3}-[0-9]{4}-10-[0-9]{1,6}" ERROR 3441 El numero de documento relacionado al traslado de mercancias no cumple con el formato establecido XSL
                                                                    "Si el 'Código del tipo de documento relacionado' es '52' y el 'Motivo de traslado' es '08' el formato del Tag UBL es diferente de:
                                                                    - [0-9]{3}-[0-9]{4}-18-[0-9]{1,6}" ERROR 3441 El numero de documento relacionado al traslado de mercancias no cumple con el formato establecido XSL
                                                                    "Si el 'Código del tipo de documento relacionado' es '50' y el 'Motivo de traslado' es '09' el formato del Tag UBL es diferente de:
                                                                    - [0-9]{3}-[0-9]{4}-40-[0-9]{1,6}" ERROR 3441 El numero de documento relacionado al traslado de mercancias no cumple con el formato establecido XSL
                                                                    "Si el 'Código del tipo de documento relacionado' es '52' y el 'Motivo de traslado' es '09' el formato del Tag UBL es diferente de:
                                                                    - [0-9]{3}-[0-9]{4}-48-[0-9]{1,6}" ERROR 3441 El numero de documento relacionado al traslado de mercancias no cumple con el formato establecido XSL
                                                                    Si el 'Código del tipo de documento relacionado' es "71", "72", "73", "74", "75", "76", "77" o "78", el formato del Tag UBL es diferente a alfanumérico de hasta 100 caracteres (se considera cualquier carácter, no permite 'whitespace character': espacio, salto de línea, fin de línea, tab, etc.) ERROR 3441 El numero de documento relacionado al traslado de mercancias no cumple con el formato establecido XSL
                                                                    "Si el 'Código de tipo de documento' es '09', el valor del Tag UBL no se encuentra en el listado con estado de 'Baja - por cambio de destinatario'
                                                                    " ERROR 2536 La serie y numero de la GRE consignada como documento relacionado no se encuentra registrado con baja por cambio de destinatario REST Detalle Guia Remisión Electrónica
                                                                    "Si el 'Código de tipo de documento' es '50' o '52', el valor del Tag UBL no se encuentra en el listado
                                                                    " ERROR 3341 No existe el numero de Declaracion Aduanera de Mercancias (DAM) o el Declaracion Simplificada (DS) REST Número de DAM y DS
                                                                    "Si existe más de un 'Documento relacionado' con el 'Código de tipo de documento' igual a '50' o '52', y el motivo de traslado es '08', no coinciden los tipos y números de documento de identidad del importador consignados en dichos documentos.
                                                                    " ERROR 3394 Si existe mas de una DAM o DS, deben coincidir los tipos y numeros de documento de identidad del importador o exportador consignados en dichos documentos REST Detalle de DAM y DS
                                                                    "Si existe más de un 'Documento relacionado' con el 'Código de tipo de documento' igual a '50' o '52', y el motivo de traslado es '09', no coinciden los tipos y números de documento de identidad del exportador consignados en dichos documentos.
                                                                    " ERROR 3394 Si existe mas de una DAM o DS, deben coincidir los tipos y numeros de documento de identidad del importador o exportador consignados en dichos documentos REST Detalle de DAM y DS
                                                                    "Si el 'Código de tipo de documento' es '49' o '80' y se encuentra referenciada en otras GRE - remitente que hayan sido emitidas por el mismo remitente en los últimos 15 días calendario contados a partir de la fecha de recepción de la GRE.
                                                                    " OBSERV 4432 La Constancia de Deposito ingresada ya ha sido referenciada en otra GRE emitida por el mismo remitente REST Detalle Guia Remisión Electrónica
                                                                    "Si el 'Código de tipo de documento' es '49' o '80' y se encuentra referenciada en otras GRE - remitente que hayan sido emitidas por un usuario diferente al remitente o en GRE - transportista, en los últimos 15 días calendario contados a partir de la fecha de recepción de la GRE
                                                                    " ERROR 3342 La Constancia de Deposito ingresada ya ha sido referenciada en otra GRE emitida REST Detalle Guia Remisión Electrónica
                                                                    Si existe el Tag UBL y el código de tipo de documento es '49' u '80', el valor del Tag UBL no se encuentra en el listado en los últimos 15 días calendario contados a partir de la fecha de recepción de la GRE OBSERV 4404 La SUNAT no cuenta con la informacion en los ultimos 15 dias de la Constancia de Deposito en sus sistemas REST Constancias de depósito Detracciones / IVAP
                                                                    Si el 'Código de tipo de documento' es '01', '03' o '04' y la serie no empieza con número, el valor del Tag UBL no se encuentra en el listado para el emisor de documento OBSERV 4382 El numero de comprobante consignado como documento relacionado no existe REST Comprobantes de pago electrónico
                                                                    "Si el 'Código de tipo de documento' es '01', '03', '04', '09' o '48' y la serie empieza con número, el valor del Tag UBL no se encuentra en el listado para el emisor de documento
                                                                    " ERROR 3207 Comprobante físico no se encuentra autorizado REST Autorizaciones de comprobantes físicos
                                                                    14 Número de RUC del emisor del documento relacionado Global C an11 n11 /DespatchAdvice/cac:AdditionalDocumentReference/cac:IssuerParty/cac:PartyIdentification/cbc:ID (Número de documento del emisor del documento) Si el 'Código del tipo de documento relacionado' es '01', '03', '04', '09', '12', '48', no existe el Tag UBL o es vacío ERROR 3380 Debe consignar el RUC del emisor del documento relacionado XSL
                                                                    Si el Tag UBL existe y es diferente de vacío, y el 'Motivo de traslado' es '01', '03' y el 'Código del tipo de documento relacionado' es '01', '03', '12', el valor del Tag UBL es diferente al RUC del remitente ERROR 3381 El RUC del emisor del documento relacionado no corresponde XSL
                                                                    Si el Tag UBL existe y es diferente de vacío y el 'Código del tipo de documento relacionado' es '09', el valor del Tag UBL es diferente al RUC del remitente ERROR 3381 El RUC del emisor del documento relacionado no corresponde XSL
                                                                    Si el Tag UBL existe y es diferente de vacío, y el 'Motivo de traslado' es '02' y el 'Código del tipo de documento relacionado' es '04', '48' el valor del Tag UBL es diferente al RUC del remitente ERROR 3381 El RUC del emisor del documento relacionado no corresponde XSL
                                                                    Si el Tag UBL existe y es diferente de vacío, y el 'Motivo de traslado' es '06' y el 'Código del tipo de documento relacionado' es '01', '03', '12', el valor del Tag UBL es diferente al RUC del destinatario ERROR 3381 El RUC del emisor del documento relacionado no corresponde XSL
                                                                    Si el Tag UBL existe y es diferente de vacío, el valor del Tag UBL es diferente de numérico de 11 dígitos ERROR 3409 El Numero de RUC no cumple con el formato establecido XSL
                                                                    Si el Tag UBL existe y es diferente de vacío, el valor del Tag UBL no existe en el listado ERROR 3408 El Numero de RUC del emisor del documento relacionado no existe REST Contribuyentes
                                                                    an1 (Catálogo N.° 06) /DespatchAdvice/cac:AdditionalDocumentReference/cac:IssuerParty/cac:PartyIdentification/cbc:ID@schemeID (Tipo de documento de identidad del emisor del documento relacionado) Si el 'Código del tipo de documento relacionado' es '01', '03', '04', '09', '12', '48', el atributo del Tag UBL no existe o es diferente a 6 (RUC) ERROR 3382 El Tipo de documento del emisor del documento relacionado debe ser Numero de RUC XSL
                                                                    "Documento de Identidad" @schemeName Si existe el atributo, el valor ingresado es diferente a 'Documento de Identidad' OBSERV 4255 El dato ingresado como atributo @schemeName es incorrecto. XSL
                                                                    "PE:SUNAT" @schemeAgencyName Si existe el atributo, el valor ingresado es diferente a 'PE:SUNAT' OBSERV 4256 El dato ingresado como atributo @schemeAgencyName es incorrecto. XSL
                                                                    """urn:pe:gob:sunat:cpe:see:gem:catalogos:
                                                                    catalogo06""" @schemeURI Si existe el atributo, el valor ingresado es diferente a 'urn:pe:gob:sunat:cpe:see:gem:catalogos:catalogo06' OBSERV 4257 El dato ingresado como atributo @schemeURI es incorrecto. XSL
                                                                    Datos del Destinatario
                                                                    15 Tipo y número de documento de identidad del destinatario Global M an1 (Catálogo N° 06) /DespatchAdvice/cac:DeliveryCustomerParty/cac:Party/cac:PartyIdentification/cbc:ID@schemeID Si el 'Número de documento de identidad del destinatario' es diferente de vacío, no existe el atributo o es vacío ERROR 2759 El XML no contiene el atributo o no existe información del tipo de documento del destinatario. XSL -
                                                                    Si el atributo existe y es diferente de vacío, el valor del Tag UBL no está en el listado ERROR 2760 El valor ingresado como tipo de documento del destinatario es incorrecto. XSL Catálogo (006)
                                                                    Si 'Motivo de traslado' es igual a '06' o '17', el valor del atributo es diferente de '6' ERROR 3417 Para el motivo de traslado 06 y 17 el tipo de documento de identidad del destinatario debe ser 6-RUC XSL
                                                                    "Documento de Identidad" @schemeName Si existe el atributo, el valor ingresado es diferente a 'Documento de Identidad' OBSERV 4255 El dato ingresado como atributo @schemeName es incorrecto. XSL
                                                                    "PE:SUNAT" @schemeAgencyName Si existe el atributo, el valor ingresado es diferente a 'PE:SUNAT' OBSERV 4256 El dato ingresado como atributo @schemeAgencyName es incorrecto. XSL
                                                                    "urn:pe:gob:sunat:cpe:see:gem:catalogos:catalogo06" @schemeURI Si existe el atributo, el valor ingresado es diferente a 'urn:pe:gob:sunat:cpe:see:gem:catalogos:catalogo06' OBSERV 4257 El dato ingresado como atributo @schemeURI es incorrecto. XSL
                                                                    an..15 /DespatchAdvice/cac:DeliveryCustomerParty/cac:Party/cac:PartyIdentification/cbc:ID Si no existe el Tag UBL o es vacío ERROR 2757 El XML no contiene el tag o no existe información del número de documento de identidad del destinatario. XSL
                                                                    Si 'Motivo del traslado' es '01', '03', '05', '06', '09', '14' y '17', el 'Tipo y Número de documento de identidad del destinatario' es igual al 'Tipo y Número de documento de identidad del remitente' ERROR 2555 Destinatario no debe ser igual al remitente. XSL
                                                                    Si 'Motivo del traslado' es '02', '04' y '07', el 'Tipo y Número de documento de identidad del destinatario' es diferente al 'Tipo y Número de documento de identidad del remitente' ERROR 2554 Para el motivo de traslado ingresado el Destinatario debe ser igual al remitente. XSL
                                                                    Si 'Motivo del traslado' es '08', el 'Número de documento de identidad del destinatario' es diferente al número de documento de identidad del importador consignados en las DAM o DS OBSERV 4435 El tipo y numero de documento de identidad del destinatario es diferente al del importador que figura en la(s) DAM / DS REST Detalle de DAM y DS
                                                                    Si 'Tipo de documento de identidad del destinatario' es '6', el formato del Tag UBL es diferente a numérico de 11 dígitos ERROR 2758 El valor ingresado como numero de documento de identidad del destinatario no cumple con el estandar. XSL
                                                                    Si 'Tipo de documento de identidad del destinatario' es '6', el valor del Tag UBL no se encuentra en el listado ERROR 3443 El Numero de RUC del Destinatario no existe REST Contribuyentes
                                                                    Si 'Tipo de documento de identidad del destinatario' es '6' (RUC), el valor del Tag UBL tiene un ind_estado diferente '00' en el listado OBSERV 4373 El RUC del Destinatario no esta activo REST Contribuyentes
                                                                    Si 'Tipo de documento de identidad del destinatario' es '6' (RUC), el valor del Tag UBL tiene un ind_condicion diferente a '00' en el listado OBSERV 4374 El RUC del destinatario no esta habido REST Contribuyentes
                                                                    Si 'Tipo de documento de identidad del destinatario' es '1' y el fomato del Tag UBL es diferente a numérico de 8 dígitos ERROR 2758 El valor ingresado como numero de documento de identidad del destinatario no cumple con el estandar. XSL
                                                                    Si 'Tipo de documento de identidad del destinatario' es '1', el valor del Tag UBL no se encuentra en base RENIEC ERROR 3444 El Numero de DNI del Destinatario no existe REST Padrón RENIEC
                                                                    Si 'Tipo de documento de identidad del destinatario' es diferente a '1' y diferente de '6', el formato del Tag UBL es diferente a alfanumérico de hasta 15 caracteres (se considera cualquier carácter, no permite 'whitespace character': espacio, salto de línea, fin de línea, tab, etc.) ERROR 2758 El valor ingresado como numero de documento de identidad del destinatario no cumple con el estandar. XSL
                                                                    16 Apellidos y nombres, denominación o razón social del destinatario Global M an..250 /DespatchAdvice/cac:DeliveryCustomerParty/cac:Party/cac:PartyLegalEntity/cbc:RegistrationName Si no existe el Tag UBL o es vacío ERROR 2761 El XML no contiene el atributo o no existe información del nombre o razon social del destinatario. XSL
                                                                    Si el formato del Tag UBL es diferente a alfanumérico de hasta 250 caracteres (se considera cualquier carácter incluido espacio, no se permite ningún otro 'whitespace character': salto de línea, tab, fin de línea, etc. Tampoco se permite solo espacios en blanco) OBSERV 4152 Nombre o razon social del destinatario no cumple con un formato válido XSL
                                                                    Datos del Proveedor
                                                                    17 Tipo y número de documento de identidad del proveedor Global C an1 /DespatchAdvice/cac:SellerSupplierParty/cac:Party/cac:PartyIdentification/cbc:ID@schemeID Si 'Motivo de traslado' es igual a '02', '07' o '13' y el 'Número de documento de identidad del proveedor' es diferente de vacío, no existe el atributo o es vacío ERROR 2552 El XML no contiene el tag o no existe informacion del tipo de documento identidad del proveedor. XSL
                                                                    Si 'Motivo de traslado' es igual a '02' y el 'Número de documento de identidad del proveedor' es diferente de vacío, el valor del atributo es diferente de '1', '4', '6' y '7' ERROR 3447 El tipo de documento de identidad del Proveedor es invalido XSL
                                                                    Si 'Motivo de traslado' es igual a '07' y el 'Número de documento de identidad del proveedor' es diferente de vacío, el valor del atributo es diferente de '6' ERROR 3447 El tipo de documento de identidad del Proveedor es invalido XSL
                                                                    Si 'Motivo de traslado' es igual a '13', el valor del atributo es diferente de vacío y diferente al listado ERROR 3447 El tipo de documento de identidad del Proveedor es invalido XSL Catálogo (006)
                                                                    Si 'Motivo de traslado' es diferente a '02', '07' y '13', el atributo existe y es diferente de vacío OBSERV 4054 La guía no debe contener datos del proveedor. XSL
                                                                    "Documento de Identidad" @schemeName Si existe el atributo, el valor ingresado es diferente a 'Documento de Identidad' OBSERV 4255 El dato ingresado como atributo @schemeName es incorrecto. XSL
                                                                    "PE:SUNAT" @schemeAgencyName Si existe el atributo, el valor ingresado es diferente a 'PE:SUNAT' OBSERV 4256 El dato ingresado como atributo @schemeAgencyName es incorrecto. XSL
                                                                    "urn:pe:gob:sunat:cpe:see:gem:catalogos:catalogo06" @schemeURI Si existe el atributo, el valor ingresado es diferente a 'urn:pe:gob:sunat:cpe:see:gem:catalogos:catalogo06' OBSERV 4257 El dato ingresado como atributo @schemeURI es incorrecto. XSL
                                                                    an.15 /DespatchAdvice/cac:SellerSupplierParty/cac:Party/cac:PartyIdentification/cbc:ID Si 'Motivo de traslado' es igual a '02' o '07' y no existe al menos un tag de 'Datos del Proveedor' (cac:SellerSupplierParty) con 'Número de documento de identidad del proveedor' (cac:PartyIdentification/cbc:ID) diferente de vacío OBSERV 4375 Corresponde ingresar informacion del Proveedor XSL
                                                                    Si 'Motivo de traslado' es '02', '07' y existe 'Documento relacionado' con 'Código del tipo de documento relacionado' igual a '01', '03' o '12', el Tag UBL existe y es diferente de vacío, y no coincide con ninguno de los 'Número de RUC del emisor del documento relacionado' de dichos documentos ERROR 3442 El Numero de RUC del Proveedor debe coincidir con alguno de los Numero de RUC emisor de los documentos relacionados XSL
                                                                    Si 'Motivo de traslado' es igual a '02', '07' o '13' y el 'Tipo de documento de identidad del proveedor' es diferente de vacío, el Tag UBL es vacío ERROR 2723 El XML no contiene el tag o no existe información del número de documento de identidad del proveedor XSL
                                                                    Si 'Motivo de traslado' es igual a '02', '07' o '13' y el campo 'Apellidos y nombres, denominacion o razon social del proveedor' existe y es diferente de vacío, el Tag UBL no existe, o es vacío ERROR 2723 El XML no contiene el tag o no existe información del número de documento de identidad del proveedor XSL
                                                                    Si 'Motivo de traslado' es diferente a '02', '07' y '13', el Tag UBL existe y es diferente de vacío OBSERV 4054 La guía no debe contener datos del proveedor. XSL
                                                                    Si 'Motivo de traslado' es '02' o '07', el Tag UBL existe y es diferente de vacío, y el 'Tipo y Número de documento de identidad del proveedor' es igual al 'Tipo y Número de documento de identidad del remitente' ERROR 3448 El tipo y numero de documento de identidad del Remitente no puede ser es el mismo que el Proveedor XSL
                                                                    Si 'Tipo de documento de identidad del proveedor' es '6', el formato del Tag UBL es diferente a numérico de 11 dígitos ERROR 2724 El valor ingresado como documento de identidad del proveedor es incorrecto XSL
                                                                    Si 'Tipo de documento de identidad del proveedor' es '6', el valor del Tag UBL no se encuentra en el listado ERROR 2621 Número de RUC del Proveedor no existe. REST Contribuyentes
                                                                    Si 'Tipo de documento de identidad del proveedor' es '6' (RUC), el valor del Tag UBL tiene un ind_estado diferente '00' en el listado OBSERV 4051 El RUC del proveedor no esta activo. REST Contribuyentes
                                                                    Si 'Tipo de documento de identidad del proveedor' es '6' (RUC), el valor del Tag UBL tiene un ind_condicion diferente a '00' en el listado OBSERV 4052 El RUC del proveedor no esta habido. REST Contribuyentes
                                                                    Si 'Tipo de documento de identidad del proveedor' es '1' y el fomato del Tag UBL es diferente a numérico de 8 dígitos ERROR 2724 El valor ingresado como documento de identidad del proveedor es incorrecto XSL
                                                                    Si 'Tipo de documento de identidad del proveedor' es '1', el valor del Tag UBL no se encuentra en el listado ERROR 2450 Número de DNI no existe REST Padrón RENIEC
                                                                    Si 'Tipo de documento de identidad del proveedor' es diferente a '1', '6' y vacío, el formato del Tag UBL es diferente a alfanumérico de hasta 15 caracteres (se considera cualquier carácter, no permite 'whitespace character': espacio, salto de línea, fin de línea, tab, etc.) ERROR 2724 El valor ingresado como documento de identidad del proveedor es incorrecto XSL
                                                                    18 Apellidos y nombres, denominación o razón social del proveedor Global C an..250 /DespatchAdvice/cac:SellerSupplierParty/cac:Party/cac:PartyLegalEntity/cbc:RegistrationName Si 'Motivo de traslado' es igual a '02', '07' o '13' y el 'Número de documento de identidad del proveedor' existe y es diferente de vacío, no existe el Tag UBL o es vacío ERROR 3449 El XML no contiene el tag o no existe informacion del nombre o razon social del Proveedor XSL
                                                                    Si el formato del Tag UBL es diferente a alfanumérico de hasta 250 caracteres (se considera cualquier carácter incluido espacio, no se permite ningún otro 'whitespace character': salto de línea, tab, fin de línea, etc. Tampoco se permite solo espacios en blanco) OBSERV 4106 El nombre comercial del proveedor no cumple con el formato establecido XSL
                                                                    Si 'Motivo de traslado' es diferente a '02', '07' y '13', el Tag UBL existe y es diferente de vacío OBSERV 4054 La guía no debe contener datos del proveedor. XSL
                                                                    Datos del Comprador
                                                                    19 Tipo y número de documento de identidad del comprador Global C an1 (Catálogo N° 06) /DespatchAdvice/cac:BuyerCustomerParty/cac:Party/cac:PartyIdentification/cbc:ID@schemeID Si 'Motivo de traslado' es igual a '03' o '13' y el 'Número de documento de identidad del comprador' es diferente de vacío, no existe el atributo o es vacío ERROR 3331 El XML no contiene el tag o no existe informacion del tipo de documento identidad del Comprador XSL
                                                                    Si 'Motivo de traslado' es igual a '03' o '13', el valor del atributo es diferente al listado y diferente de vacío ERROR 3332 El tipo de documento de identidad del Comprador es invalido XSL Catálogo (006)
                                                                    Si 'Motivo de traslado' es diferente a '03' y '13', el atributo existe y es diferente de vacío OBSERV 4377 Para el motivo de traslado no corresponde consignar informacion del Comprador XSL
                                                                    "Documento de Identidad" @schemeName Si existe el atributo, el valor ingresado es diferente a 'Documento de Identidad' OBSERV 4255 El dato ingresado como atributo @schemeName es incorrecto. XSL
                                                                    "PE:SUNAT" @schemeAgencyName Si existe el atributo, el valor ingresado es diferente a 'PE:SUNAT' OBSERV 4256 El dato ingresado como atributo @schemeAgencyName es incorrecto. XSL
                                                                    "urn:pe:gob:sunat:cpe:see:gem:catalogos:catalogo06" @schemeURI Si existe el atributo, el valor ingresado es diferente a 'urn:pe:gob:sunat:cpe:see:gem:catalogos:catalogo06' OBSERV 4257 El dato ingresado como atributo @schemeURI es incorrecto. XSL
                                                                    an..15 /DespatchAdvice/cac:BuyerCustomerParty/cac:Party/cac:PartyIdentification/cbc:ID Si 'Motivo de traslado' es igual a '03' y no existe al menos un tag de 'Datos del Comprador' (cac:BuyerCustomerParty) con 'Número de documento de identidad del comprador' diferente de vacío OBSERV 4378 Para el motivo de traslado debe existir informacion del Comprador XSL
                                                                    Si 'Motivo de traslado' es igual a '03' o '13' y el 'Tipo de documento de identidad del comprador' es diferente de vacío, el Tag UBL es vacío ERROR 3333 El XML no contiene el tag o no existe informacion del numero de documento de identidad del Comprador XSL
                                                                    Si 'Motivo de traslado' es igual a '03' o '13' y el campo 'Apellidos y nombres, denominacion o razon social del comprador' existe y es diferente de vacío, el Tag UBL no existe o es vacío ERROR 3333 El XML no contiene el tag o no existe informacion del numero de documento de identidad del Comprador XSL
                                                                    Si 'Motivo de traslado' es diferente a '03' y '13', el Tag UBL existe y es diferente de vacío OBSERV 4377 Para el motivo de traslado no corresponde consignar informacion del Comprador XSL
                                                                    Si 'Motivo de traslado' es '03', el Tag UBL existe y es diferente de vacío, y el 'Tipo y Número de documento de identidad del comprador' es igual al 'Tipo y Número de documento de identidad del remitente' ERROR 3334 El tipo y numero de documento de identidad del Remitente no puede ser es el mismo que el Comprador XSL
                                                                    Si 'Motivo de traslado' es '03', el Tag UBL existe y es diferente de vacío, y el 'Tipo y Número de documento de identidad del comprador' es igual al 'Tipo y Número de documento de identidad del destinatario' ERROR 3335 El tipo y numero de documento de identidad del Destinatario no debe ser es el mismo que el Comprador XSL
                                                                    Si 'Tipo de documento de identidad del comprador' es '6', el formato del Tag UBL es diferente a numérico de 11 dígitos ERROR 3337 El valor ingresado como documento de identidad del Comprador es incorrecto XSL
                                                                    Si 'Tipo de documento de identidad del comprador' es '6', el valor del Tag UBL no se encuentra en el listado ERROR 3336 Numero de RUC del Comprador no existe REST Contribuyentes
                                                                    Si 'Tipo de documento de identidad del comprador' es '6' (RUC), el valor del Tag UBL tiene un ind_estado diferente '00' en el listado OBSERV 4379 El RUC del Comprador no esta activo REST Contribuyentes
                                                                    Si 'Tipo de documento de identidad del comprador' es '6' (RUC), el valor del Tag UBL tiene un ind_condicion diferente a '00' en el listado OBSERV 4380 El RUC del Comprador no esta habido REST Contribuyentes
                                                                    Si 'Tipo de documento de identidad del comprador' es '1' y el fomato del Tag UBL es diferente a numérico de 8 dígitos ERROR 3337 El valor ingresado como documento de identidad del Comprador es incorrecto XSL
                                                                    Si 'Tipo de documento de identidad del comprador' es '1', el valor del Tag UBL no se encuentra en el listado ERROR 3338 Numero de DNI del Comprador no existe REST Padrón RENIEC
                                                                    Si 'Tipo de documento de identidad del comprador' es diferente a '1', '6' y vacío, el formato del Tag UBL es diferente a alfanumérico de hasta 15 caracteres (se considera cualquier carácter, no permite 'whitespace character': espacio, salto de línea, fin de línea, tab, etc.) ERROR 3337 El valor ingresado como documento de identidad del Comprador es incorrecto XSL
                                                                    20 Apellidos y nombres, denominación o razón social del comprador Global C an..250 /DespatchAdvice/cac:BuyerCustomerParty/cac:Party/cac:PartyLegalEntity/cbc:RegistrationName Si 'Motivo de traslado' es igual a '03' y el 'Número de documento de identidad del comprador' existe y es diferente de vacío, no existe el Tag UBL o es vacío ERROR 3339 El XML no contiene el tag o no existe informacion del nombre o razon social del Comprador XSL
                                                                    Si el Tag UBL existe y es diferente a vacío, el formato del Tag UBL es diferente a alfanumérico de hasta 250 caracteres (se considera cualquier carácter incluido espacio, no se permite ningún otro 'whitespace character': salto de línea, tab, fin de línea, etc. Tampoco se permite solo espacios en blanco) OBSERV 4381 El nombre o razon social del Comprador no cumple con el formato establecido XSL
                                                                    Si 'Motivo de traslado' es diferente a '03' y '13', el Tag UBL existe y es diferente de vacío OBSERV 4377 Para el motivo de traslado no corresponde consignar informacion del Comprador XSL
                                                                    Datos del envío
                                                                    21 Identificador del traslado Global M an11 "SUNAT_Envio" /DespatchAdvice/cac:Shipment/cbc:ID <<< SIN VALIDACIÓN>>> - - -
                                                                        22 Motivo del traslado Global M an2 (Catálogo N.° 20) /DespatchAdvice/cac:Shipment/cbc:HandlingCode No existe el Tag UBL o es vacío ERROR 3404 El XML no contiene el tag o no existe informacion del motivo de traslado XSL
                                                                        El valor del Tag UBL no está en el listado ERROR 3405 El valor ingresado como motivo de traslado no es valido XSL Catálogo (020)
                                                                        "PE:SUNAT" @listAgencyName Si existe el atributo, el valor ingresado es diferente a 'PE:SUNAT' OBSERV 4251 El dato ingresado como atributo @listAgencyName es incorrecto. XSL
                                                                        "Motivo de traslado" @listName Si existe el atributo, el valor ingresado es diferente a 'Motivo de traslado' OBSERV 4252 El dato ingresado como atributo @listName es incorrecto. XSL
                                                                        "urn:pe:gob:sunat:cpe:see:gem:catalogos:catalogo20" @listURI Si existe el atributo, el valor ingresado es diferente a 'urn:pe:gob:sunat:cpe:see:gem:catalogos:catalogo20' OBSERV 4253 El dato ingresado como atributo @listURI es incorrecto. XSL
                                                                        23 Descripción de motivo de traslado Global C an..100 /DespatchAdvice/cac:Shipment/cbc:HandlingInstructions Si 'Motivo de traslado' es '13', no existe el Tag UBL o es vacío ERROR 3457 El XML no contiene el atributo o no existe informacion en descripcion del motivo de traslado. XSL
                                                                        Si 'Motivo de traslado' es '13', el formato del Tag UBL es diferente a alfanumérico de 3 hasta 100 caracteres (se considera cualquier carácter incluido espacio, no se permite ningún otro 'whitespace character': salto de línea, tab, fin de línea, etc.) OBSERV 4190 El valor ingresado como descripcion de motivo de traslado no cumple con el estandar. XSL
                                                                        Si 'Motivo de traslado' es '13', el formato del Tag UBL no contiene como mínimo 3 caracteres alfabéticos OBSERV 4190 El valor ingresado como descripcion de motivo de traslado no cumple con el estandar. XSL
                                                                        Si 'Motivo de traslado' es '13', el valor del Tag UBL contiene solo palabras claves del listado OBSERV 4190 El valor ingresado como descripcion de motivo de traslado no cumple con el estandar.
                                                                        Si 'Motivo de traslado' es '13', existe más de un tag UBL (existe más de un cbc:HandlingInstructions) OBSERV 4440 Si existe mas de un campo 'Descripcion de motivo de traslado' solo se considera valido el primer campo XSL Palabras Clave
                                                                        24 "Peso bruto total de los ítems seleccionados (en KGM)


                                                                        Unidad de medida del peso bruto total de los items seleccionados" Global C an..16 n(12,3)  /DespatchAdvice/cac:Shipment/cbc:NetWeightMeasure Si el 'Motivo de traslado' es '08' o '09' y no existe el 'Indicador de traslado total de la DAM o la DS' (Falso), no existe el Tag UBL OBSERV 4383 Si el motivo de traslado es Importacion o Exportacion y no se trata de un traslado total de la DAM o DS, debe indicar el Peso bruto total de los items seleccionados XSL
                                                                        Si el 'Motivo de traslado' es diferente a '08' y '09', existe el Tag UBL ERROR 3395 Si el motivo de traslado no es 08-Importacion ni 09-Exportacion, no debe consignar el campo 'Peso bruto total de los items seleccionados' XSL
                                                                        El formato del Tag UBL es diferente a decimal positivo de 12 enteros y 3 decimales ERROR 3397 El dato ingresado como 'Peso bruto total de los items seleccionados' no cumple con el formato establecido XSL
                                                                        an3 "(Catálogo N.° 03)
                                                                        ""KGM"" Kilogramos
                                                                        " /DespatchAdvice/cac:Shipment/cbc:NetWeightMeasure@unitCode El valor del atributo es diferente 'KGM' ERROR 3398 La unidad de medida del 'Peso bruto total de los items seleccionados' debe ser kilogramos (KGM) XSL
                                                                        25 Sustento de la diferencia del Peso bruto total de la carga respecto al peso de los ítems seleccionados Global C an..250 /DespatchAdvice/cac:Shipment/cbc:Information Si el 'Motivo de traslado' es '08' o '09' y no existe el 'Indicador de traslado total de la DAM o la DS' (Falso), no existe el Tag UBL o es vacío OBSERV 4387 Si el motivo de traslado es Importacion o Exportacion y no se trata de un traslado total de la DAM o DS, debe indicar el Sustento de la diferencia del Peso bruto total de la carga XSL
                                                                        Si el 'Motivo de traslado' es diferente a '08' y '09', existe el Tag UBL ERROR 3418 Si el motivo de traslado no es 08-Importacion ni 09-Exportacion, no debe consignar el campo 'Sustento de la diferencia del Peso bruto total de la carga' XSL
                                                                        Si el Tag UBL existe, el formato del Tag UBL es diferente a alfanumérico de hasta 250 caracteres (se considera cualquier carácter incluido espacio, no se permite ningún otro 'whitespace character': salto de línea, tab, fin de línea, etc. Tampoco se permite solo espacios en blanco) OBSERV 4428 El Sustento de la diferencia del Peso bruto total de la carga no cumple con el formato establecido XSL
                                                                        26 "Peso bruto total de la carga

                                                                        Unidad de medida del peso bruto" Global M an..16 n(12,3)  /DespatchAdvice/cac:Shipment/cbc:GrossWeightMeasure No existe el Tag UBL ERROR 2880 Es obligatorio ingresar el peso bruto total de la guía XSL
                                                                        El formato del Tag UBL es diferente a decimal positivo de 12 enteros y 3 decimales ERROR 2523 GrossWeightMeasure - El dato ingresado no cumple con el formato establecido. XSL
                                                                        an3 "(Catálogo N.° 03)
                                                                        ""KGM"" Kilogramos
                                                                        ""TNE"" Toneladas" /DespatchAdvice/cac:Shipment/cbc:GrossWeightMeasure@unitCode El valor del atributo es vacío ERROR 2881 Es obligatorio indicar la unidad de medida del Peso Total de la guía XSL
                                                                        El valor del atributo es diferente 'KGM' y diferente de 'TNE' ERROR 2523 GrossWeightMeasure - El dato ingresado no cumple con el formato establecido. XSL
                                                                        27 Número de Bultos o Pallets Global C an..6 n..6 /DespatchAdvice/cac:Shipment/cbc:TotalTransportHandlingUnitQuantity Si el 'Motivo de traslado' es '08' o '09', y no existe algún 'Número de contenedor' (cac:Package con cbc:ID diferente de vacío), no existe el Tag UBL ERROR 3419 Si el Motivo de traslado es 08-Importacion o 09-Exportacion, debe consignar algun 'Numero de contenedor' o el 'Numero de Bultos o Pallets' XSL
                                                                        El formato del Tag UBL es diferente a numérico de hasta 6 dígitos OBSERV 4384 El valor ingresado como numero de bultos o pallets no cumple con el estandar XSL
                                                                        28 Número de contenedor 1 Global C an..11 - /DespatchAdvice/cac:Shipment/cac:TransportHandlingUnit/cac:Package/cbc:ID Si el 'Motivo de traslado' es '08' o '09', y existe más de dos contenedores (cac:Package con cbc:ID diferente de vacío) ERROR 3420 Solo se pueden consignar como maximo dos contenedores XSL
                                                                        "Si existe más de un contenedor (cac:Package con cbc:ID diferente de vacío)
                                                                        con el mismo valor del 'Número de contenedor' (se repite el Tag cbc:ID) " ERROR 3421 El Numero de contenedor no debe repetirse XSL
                                                                        El formato del Tag UBL es diferente a alfanumérico de hasta 11 caracteres OBSERV 4071 Numero de Contenedor - El dato ingresado no cumple con el formato establecido. XSL
                                                                        29 Número de precinto 1 Global C an..20 /DespatchAdvice/cac:Shipment/cac:TransportHandlingUnit/cac:Package/cbc:TraceID Si el 'Motivo de traslado' es '08' o '09', 'Número de contenedor 1' existe y es diferente de vacío, no existe el Tag UBL o es vacío ERROR 3422 Si existe Numero de contenedor debe indicarse el Numero de precinto XSL
                                                                        "Si existe más de un contenedor (cac:Package con cbc:ID diferente de vacío)
                                                                        con el mismo valor del 'Número de precinto' (se repite el Tag cbc:TraceID) " ERROR 3423 El Numero de precinto no debe repetirse XSL
                                                                        Si el 'Motivo de traslado' es '08' o '09', el formato del Tag UBL es diferente a alfanumérico de hasta 20 dígitos (solo se permiten letras mayúsculas y números, no acepta solamente ceros) OBSERV 4074 Numero Precinto - El dato ingresado no cumple con el formato establecido. XSL
                                                                        30 Número de contenedor 2 Global C an..11 - /DespatchAdvice/cac:Shipment/cac:TransportHandlingUnit/cac:Package/cbc:ID El formato del Tag UBL es diferente a alfanumérico de hasta 11 caracteres OBSERV 4071 Numero de Contenedor - El dato ingresado no cumple con el formato establecido. XSL
                                                                        31 Número de precinto 2 Global C an..20 /DespatchAdvice/cac:Shipment/cac:TransportHandlingUnit/cac:Package/cbc:TraceID Si el 'Motivo de traslado' es '08' o '09', 'Número de contenedor 2' existe y es diferente de vacío, no existe el Tag UBL o es vacío ERROR 3422 Si existe Numero de contenedor debe indicarse el Numero de precinto XSL
                                                                        Si el 'Motivo de traslado' es '08' o '09', el formato del Tag UBL es diferente a alfanumérico de hasta 20 dígitos (solo se permiten letras mayúsculas y números, no acepta solamente ceros) OBSERV 4074 Numero Precinto - El dato ingresado no cumple con el formato establecido. XSL
                                                                        32 Modalidad de traslado Global M an2 (Catálogo N.° 18) /DespatchAdvice/cac:Shipment/cac:ShipmentStage/cbc:TransportModeCode No existe el Tag UBL o es vacío ERROR 2532 No existe información de modalidad de transporte. XSL
                                                                        El valor del Tag UBL no está en el listado ERROR 2773 El valor ingresado como modalidad de transporte no es correcto. XSL Catálogo (018)
                                                                        "Modalidad de traslado" @listName Si existe el atributo, el valor ingresado es diferente a 'Modalidad de traslado' OBSERV 4252 El dato ingresado como atributo @listName es incorrecto. XSL
                                                                        "PE:SUNAT" @listAgencyName Si existe el atributo, el valor ingresado es diferente a 'PE:SUNAT' OBSERV 4251 El dato ingresado como atributo @listAgencyName es incorrecto. XSL
                                                                        "urn:pe:gob:sunat:cpe:see:gem:catalogos:catalogo18" @listURI Si existe el atributo, el valor ingresado es diferente a 'urn:pe:gob:sunat:cpe:see:gem:catalogos:catalogo18' OBSERV 4253 El dato ingresado como atributo @listURI es incorrecto. XSL
                                                                        33 Fecha Inicio de traslado Global C an10 YYYY-MM-DD /DespatchAdvice/cac:Shipment/cac:ShipmentStage/cac:TransitPeriod/cbc:StartDate Si la 'Modalidad de traslado' es '02', el Tag UBL no existe ERROR 3406 El XML no contiene el tag o no existe informacion de la fecha de inicio de traslado o fecha de entrega del bien al Transportista XSL
                                                                        Si la 'Modalidad de traslado' es '01' y existe el 'Indicador de traslado en vehículos de categoría M1 o L' (verdadero), el Tag UBL no existe ERROR 3406 El XML no contiene el tag o no existe informacion de la fecha de inicio de traslado o fecha de entrega del bien al Transportista XSL
                                                                        Si la 'Modalidad de traslado' es '01' y el 'Indicador de traslado en vehículos de categoría M1 o L' no existe (Falso) y el 'Indicador de registro de vehículos y conductores del transportista' existe (Verdadero), el Tag UBL no existe ERROR 3406 El XML no contiene el tag o no existe informacion de la fecha de inicio de traslado o fecha de entrega del bien al Transportista XSL
                                                                        Si la 'Modalidad de traslado' es '02', el valor del Tag UBL es menor a la 'Fecha de emisión' (cbc:IssueDate) ERROR 3343 La Fecha de inicio del traslado debe ser mayor o igual a la Fecha de emision del documento XSL
                                                                        Si la 'Modalidad de traslado' es '01' y existe el 'Indicador de traslado en vehículos de categoría M1 o L' (verdadero), el valor del Tag UBL es menor a la 'Fecha de emisión' (cbc:IssueDate) ERROR 3343 La Fecha de inicio del traslado debe ser mayor o igual a la Fecha de emision del documento XSL
                                                                        Si la 'Modalidad de traslado' es '01' y el 'Indicador de traslado en vehículos de categoría M1 o L' no existe (Falso) y el 'Indicador de registro de vehículos y conductores del transportista' existe (Verdadero), el valor del Tag UBL es menor a la 'Fecha de emisión' (cbc:IssueDate) ERROR 3343 La Fecha de inicio del traslado debe ser mayor o igual a la Fecha de emision del documento XSL
                                                                        Si la 'Modalidad de traslado' es '02', el Tag UBL no cumple con el formato ERROR 3407 El valor ingresado como fecha de inicio o fecha de entrega al Transportista no cumple con el estandar (YYYY-MM-DD) XSL
                                                                        Si la 'Modalidad de traslado' es '01' y existe el 'Indicador de traslado en vehículos de categoría M1 o L' (verdadero), el formato del Tag UBL es diferente de 'YYYY-MM-DD' ERROR 3407 El valor ingresado como fecha de inicio o fecha de entrega al Transportista no cumple con el estandar (YYYY-MM-DD) XSL
                                                                        Si la 'Modalidad de traslado' es '01' y el 'Indicador de traslado en vehículos de categoría M1 o L' no existe (Falso) y el 'Indicador de registro de vehículos y conductores del transportista' existe (Verdadero), el formato del Tag UBL es diferente de 'YYYY-MM-DD' ERROR 3407 El valor ingresado como fecha de inicio o fecha de entrega al Transportista no cumple con el estandar (YYYY-MM-DD) XSL
                                                                        34 Fecha de entrega de bienes al transportista Global C an10 YYYY-MM-DD /DespatchAdvice/cac:Shipment/cac:ShipmentStage/cac:TransitPeriod/cbc:StartDate Si la 'Modalidad de traslado' es '01' y el 'Indicador de traslado en vehículos de categoría M1 o L' no existe (Falso) y el 'Indicador de registro de vehículos y conductores del transportista' no existe (Falso), el Tag UBL no existe OBSERV 4385 No ha ingresado el campo de “Fecha de entrega de bienes al transportista” o esta vacio XSL
                                                                        Si la 'Modalidad de traslado' es '01' y el 'Indicador de traslado en vehículos de categoría M1 o L' no existe (Falso) y el 'Indicador de registro de vehículos y conductores del transportista' no existe (Falso), el valor del Tag UBL es menor a la 'Fecha de emisión' (cbc:IssueDate) OBSERV 4386 La Fecha de entrega de bienes al transportista debe ser mayor o igual a la Fecha de emision del documento XSL
                                                                        Si la 'Modalidad de traslado' es '01' y el 'Indicador de traslado en vehículos de categoría M1 o L' no existe (Falso) y el 'Indicador de registro de vehículos y conductores del transportista' no existe (Falso) el formato del Tag UBL es diferente de 'YYYY-MM-DD' ERROR 3407 El valor ingresado como fecha de inicio o fecha de entrega al Transportista no cumple con el estandar (YYYY-MM-DD) XSL
                                                                        35 Indicador de Transbordo Programado Global C an..50 "SUNAT_Envio_IndicadorTransbordoProgramado" /DespatchAdvice/cac:Shipment/cbc:SpecialInstructions "Si existe el Tag UBL y las 6 primeras posiciones es ""SUNAT_"", el valor del Tag UBL es diferente de alguno de los siguientes valores:
                                                                        SUNAT_Envio_IndicadorTransbordoProgramado
                                                                        SUNAT_Envio_IndicadorTrasladoVehiculoM1L
                                                                        SUNAT_Envio_IndicadorRetornoVehiculoEnvaseVacio
                                                                        SUNAT_Envio_IndicadorRetornoVehiculoVacio
                                                                        SUNAT_Envio_IndicadorTrasladoTotalDAMoDS
                                                                        SUNAT_Envio_IndicadorVehiculoConductoresTransp
                                                                        " ERROR 3388 El indicador no cumple con el formato establecido XSL
                                                                        Existe más de un Tag UBL con valor "SUNAT_Envio_IndicadorTransbordoProgramado" ERROR 3344 El indicador no debe repetirse XSL
                                                                        36 Indicador de traslado en vehículos de categoría M1 o L Global C an..50 "SUNAT_Envio_IndicadorTrasladoVehiculoM1L" /DespatchAdvice/cac:Shipment/cbc:SpecialInstructions Existe más de un Tag UBL con valor "SUNAT_Envio_IndicadorTrasladoVehiculoM1L" ERROR 3344 El indicador no debe repetirse XSL
                                                                        37 Indicador de retorno de vehículo con envases o embalajes vacíos Global C an..50 "SUNAT_Envio_IndicadorRetornoVehiculoEnvaseVacio" /DespatchAdvice/cac:Shipment/cbc:SpecialInstructions Existe más de un Tag UBL con valor "SUNAT_Envio_IndicadorRetornoVehiculoEnvaseVacio" ERROR 3344 El indicador no debe repetirse XSL
                                                                        38 Indicador de retorno de vehículo vacío Global C an..50 "SUNAT_Envio_IndicadorRetornoVehiculoVacio" /DespatchAdvice/cac:Shipment/cbc:SpecialInstructions Existe más de un Tag UBL con valor "SUNAT_Envio_IndicadorRetornoVehiculoVacio" ERROR 3344 El indicador no debe repetirse XSL
                                                                        39 Indicador de traslado total de la DAM o la DS Global C an..50 "SUNAT_Envio_IndicadorTrasladoTotalDAMoDS" /DespatchAdvice/cac:Shipment/cbc:SpecialInstructions Si 'Motivo de traslado' es diferente de '08' Importación y '09' Exportación, y existe un Tag UBL con valor "SUNAT_Envio_IndicadorTrasladoTotalDAMoDS" ERROR 3392 El Indicador de traslado total de la DAM o la DS solo se consigna cuando el motivo de traslado es 08-Importacion o 09 - Exportacion XSL
                                                                        Existe más de un Tag UBL con valor "SUNAT_Envio_IndicadorTrasladoTotalDAMoDS" ERROR 3344 El indicador no debe repetirse XSL
                                                                        Si no existe el Tag UBL y 'Motivo de traslado' es '08' OBSERV 4437 El control de los saldos pendientes de traslado es responsabilidad del contribuyente XSL
                                                                        40 Indicador de registro de vehículos y conductores del transportista (de acuerdo con el último párrafo del numeral 3.1. del artículo 3) de la RS N° 255-2015-SUNAT) Global C an..50 "SUNAT_Envio_IndicadorVehiculoConductoresTransp" /DespatchAdvice/cac:Shipment/cbc:SpecialInstructions Si 'Modalidad de traslado' es '02' y existe un Tag UBL con valor "SUNAT_Envio_IndicadorVehiculoConductoresTransp" ERROR 3450 Para la modalidad de traslado Privado no debe consignarse el 'Indicador de registro de vehiculos y conductores del transportista' XSL
                                                                        Si 'Modalidad de traslado' es '01', existe un Tag UBL con valor "SUNAT_Envio_IndicadorTrasladoVehiculoM1L" y existe un Tag UBL con valor "SUNAT_Envio_IndicadorVehiculoConductoresTransp" ERROR 3451 Para la modalidad de traslado Publico no debe consignarse simultaneamente los indicadores 'Indicador de registro de vehiculos y conductores del transportista' e 'Indicador de traslado en vehiculos de categoria M1 o L' XSL
                                                                        Existe más de un Tag UBL con valor "SUNAT_Envio_IndicadorVehiculoConductoresTransp" ERROR 3344 El indicador no debe repetirse XSL
                                                                        41 Tipo de evento Global C an1 "1-Transbordo no programado
                                                                        2-Imposibilidad arribo
                                                                        3-Imposibilidad entrega" /DespatchAdvice/cac:Shipment/cac:ShipmentStage/cac:TransportEvent/cbc:TransportEventTypeCode "Si existe el Tag UBL y es diferente de vacío
                                                                        Nota: Este Tag es de uso exclusivo cuando se trata de una 'Guía por eventos', y no debe ser enviado" ERROR 3374 No debe consignar el el Tipo de evento XSL
                                                                        Datos del Transportista
                                                                        42 Número de RUC transportista Global C an1 "6" /DespatchAdvice/cac:Shipment/cac:ShipmentStage/cac:CarrierParty/cac:PartyIdentification/cbc:ID@schemeID (Tipo de documento de identidad) Si 'Modalidad de traslado' es '01' y el 'Indicador de traslado en vehículos de categoría M1 o L' no existe (Falso), no existe el atributo o es vacío ERROR 2561 El XML no contiene el tag o no existe informacion del tipo de documento identidad del transportista. XSL
                                                                        Si 'Modalidad de traslado' es '01' y el 'Indicador de traslado en vehículos de categoría M1 o L' no existe (Falso), el valor del atributo es diferente a '6' ERROR 2485 Tipo de documento de identidad debe ser RUC XSL
                                                                        Si 'Modalidad de traslado' es '02', el valor del atributo existe y es diferente de vacío ERROR 3347 No debe consignar los datos del transportista para una operacion de Transporte Privado XSL
                                                                        "Documento de Identidad" @schemeName Si existe el atributo, el valor ingresado es diferente a 'Documento de Identidad' OBSERV 4255 El dato ingresado como atributo @schemeName es incorrecto. XSL
                                                                        "PE:SUNAT" @schemeAgencyName Si existe el atributo, el valor ingresado es diferente a 'PE:SUNAT' OBSERV 4256 El dato ingresado como atributo @schemeAgencyName es incorrecto. XSL
                                                                        "urn:pe:gob:sunat:cpe:see:gem:catalogos:catalogo06" @schemeURI Si existe el atributo, el valor ingresado es diferente a 'urn:pe:gob:sunat:cpe:see:gem:catalogos:catalogo06' OBSERV 4257 El dato ingresado como atributo @schemeURI es incorrecto. XSL
                                                                        an11 n11 /DespatchAdvice/cac:Shipment/cac:ShipmentStage/cac:CarrierParty/cac:PartyIdentification/cbc:ID (Número de RUC) Si 'Modalidad de traslado' es '01' y el 'Indicador de traslado en vehículos de categoría M1 o L' no existe (Falso), no existe el Tag UBL o es vacío ERROR 2558 El XML no contiene el tag o no existe informacion en Numero de Ruc del transportista. XSL
                                                                        Si 'Modalidad de traslado' es '01' y el 'Indicador de traslado en vehículos de categoría M1 o L' no existe (Falso), el valor del Tag UBL no existe en el listado ERROR 3348 El Numero de RUC del Transportista no existe REST Contribuyentes
                                                                        Si 'Modalidad de traslado' es '01' y el 'Indicador de traslado en vehículos de categoría M1 o L' no existe (Falso), el valor del Tag UBL tiene un ind_estado diferente '00' en el listado ERROR 3349 El RUC del Transportista no esta activo REST Contribuyentes
                                                                        Si 'Modalidad de traslado' es '01' y el 'Indicador de traslado en vehículos de categoría M1 o L' no existe (Falso), el valor del Tag UBL tiene un ind_condicion diferente a '00' en el listado ERROR 3350 El RUC del Transportista no esta habido REST Contribuyentes
                                                                        "Si 'Modalidad de traslado' es '01' y el 'Indicador de traslado en vehículos de categoría M1 o L' no existe (Falso), se encuentra afecto exclusivamente solo a los tributos Renta de primera categoría, Renta de segunda categoría o Renta de cuarta categoría (no está afecto a ningún otro tributo distinto de los indicados)
                                                                        " ERROR 3351 El RUC del Transportista no esta afecto a los tributos autorizados REST Afectación
                                                                        Si 'Modalidad de traslado' es '01' y el 'Indicador de traslado en vehículos de categoría M1 o L' no existe (Falso), el tipo y número de documento de identidad del transportista es el mismo que el remitente ERROR 2560 Transportista no debe ser igual al remitente XSL
                                                                        Si el Tag UBL existe y la 'Modalidad de traslado' es '02', el valor del Tag UBL es diferente de vacío ERROR 3347 No debe consignar los datos del transportista para una operacion de Transporte Privado XSL
                                                                        43 Apellidos y Nombres o denominación o razón social del transportista Global C an..250 /DespatchAdvice/cac:Shipment/cac:ShipmentStage/cac:CarrierParty/cac:PartyLegalEntity/cbc:RegistrationName Si 'Modalidad de traslado' es '01' y el el 'Indicador de traslado en vehículos de categoría M1 o L' no existe (Falso), no existe el Tag UBL o es vacío ERROR 2563 El XML no contiene el tag o no existe informacion de Apellido, Nombre o razon social del transportista. XSL
                                                                        Si 'Modalidad de traslado' es '01', y el 'Indicador de traslado en vehículos de categoría M1 o L' no existe (Falso), el formato del Tag UBL es diferente a alfanumérico de 3 hasta 250 caracteres (se considera cualquier carácter incluido espacio, no se permite ningún otro 'whitespace character': salto de línea, tab, fin de línea, etc. Tampoco se permite solo espacios en blanco) OBSERV 4165 cac:CarrierParty: nombre o razon social del transportista no cumple con un formato válido. XSL
                                                                        Si el Tag UBL existe y la 'Modalidad de traslado' es '02', el valor del Tag UBL es diferente de vacío ERROR 3347 No debe consignar los datos del transportista para una operacion de Transporte Privado XSL
                                                                        44 Número de Registro MTC Global C "an..20

                                                                        " /DespatchAdvice/cac:Shipment/cac:ShipmentStage/cac:CarrierParty/cac:PartyLegalEntity/cbc:CompanyID (Número de Registro) Si 'Modalidad de traslado' es '01' y el el 'Indicador de traslado en vehículos de categoría M1 o L' no existe (Falso), no existe el Tag UBL OBSERV 4391 El Numero de Registro MTC del transportista no existe o no contiene informacion XSL
                                                                        Si el Tag UBL existe, y la 'Modalidad de traslado' es '01', y el 'Indicador de traslado en vehículos de categoría M1 o L' no existe (Falso), el valor del Tag UBL es vacío OBSERV 4391 El Numero de Registro MTC del transportista no existe o no contiene informacion XSL
                                                                        Si el Tag UBL existe y es diferente de vacío, y la 'Modalidad de traslado' es '01' y el 'Indicador de traslado en vehículos de categoría M1 o L' no existe (Falso), el formato del Tag UBL es diferente a alfanumérico de hasta 20 caracteres (solo se permite letras mayúsculas y números, no se permite ningún otro 'whitespace character': espacio, salto de línea, tab, fin de línea, etc. Tampoco se permite solamente ceros) OBSERV 4392 El Numero de Registro MTC del transportista no cumple con el formato establecido XSL
                                                                        "Si el Tag UBL existe y es diferente de vacío, el valor del Tag UBL no se encuentra en el listado
                                                                        " OBSERV 4393 El Numero de Registro MTC del transportista no se encuentra en las bases consultadas REST Información de Registro MTC
                                                                        Si el Tag UBL existe y es diferente de vacío, existe otro cac:PartyLegalEntity ERROR 3353 Solo debe consignar un Numero de autorizacion XSL
                                                                        45 "Entidad emisora de la autorización especial - transportista

                                                                        Número de autorización especial emitido por la entidad - transportista" Global C an..50 /DespatchAdvice/cac:Shipment/cac:ShipmentStage/cac:CarrierParty/cac:AgentParty/cac:PartyLegalEntity/cbc:CompanyID (Número de autorización) Si el Tag UBL existe y es diferente de vacío, el formato del Tag UBL es diferente a alfanumérico de 3 hasta 50 caracteres (se considera cualquier carácter incluido espacio, no se permite ningún otro 'whitespace character': salto de línea, tab, fin de línea, etc. Tampoco se permite solo espacios en blanco) OBSERV 4396 El Numero de autorizacion del transportista no cumple con el formato establecido XSL
                                                                        Si el Tag UBL existe y es diferente de vacío, existe otro cac:PartyLegalEntity ERROR 3353 Solo debe consignar un Numero de autorizacion XSL
                                                                        an2 (Catálogo N.° D-37) /DespatchAdvice/cac:Shipment/cac:ShipmentStage/cac:CarrierParty/cac:AgentParty/cac:PartyLegalEntity/cbc:CompanyID@schemeID (Código de entidad autorizadora) Si existe 'Número de autorización' con valor diferente de vacío, no existe el atributo o es vacío OBSERV 4394 Debe indicar la entidad autorizadora de la autorizacion especial XSL
                                                                        Si existe el atributo, el valor ingresado no se encuentra en el listado y es diferente de vacío OBSERV 4395 El Codigo de entidad autorizadora es invalido XSL Catálogo (D-37)
                                                                        Si existe el atributo y es diferente de vacío, el 'Número de Autorización' es vacío OBSERV 4397 SI existe el Codigo de entidad autorizadora, debe consignar el Numero de autorizacion especial de la empresa XSL
                                                                        "Entidad Autorizadora" @schemeName Si existe el atributo, el valor ingresado es diferente a 'Entidad Autorizadora' OBSERV 4255 El dato ingresado como atributo @schemeName es incorrecto. XSL
                                                                        "PE:SUNAT" @schemeAgencyName Si existe el atributo, el valor ingresado es diferente a 'PE:SUNAT' OBSERV 4256 El dato ingresado como atributo @schemeAgencyName es incorrecto. XSL
                                                                        Vehiculo Principal
                                                                        46 Número de placa del vehículo Global C an..8 /DespatchAdvice/cac:Shipment/cac:TransportHandlingUnit/cac:TransportEquipment/cbc:ID Si 'Modalidad de traslado' es igual a '02' y el 'Indicador de traslado en vehículos de categoría M1 o L' no existe (Falso), el Tag UBL no existe o está vacío ERROR 2566 El XML no contiene el tag o no existe informacion del Numero de placa del vehículo. XSL
                                                                        Si 'Modalidad de traslado' es igual a '01', el 'Indicador de traslado en vehículos de categoría M1 o L' no existe (Falso), el 'Indicador de registro de vehículos y conductores del transportista' no existe (Falso), el Tag UBL existe y es diferente de vacío ERROR 3354 No debe ingresar informacion de vehiculo principal XSL
                                                                        Si 'Modalidad de traslado' es igual a '01', el 'Indicador de traslado en vehículos de categoría M1 o L' no existe (Falso), el 'Indicador de registro de vehículos y conductores del transportista' existe (Verdadero), el Tag UBL no existe o está vacío ERROR 2566 El XML no contiene el tag o no existe informacion del Numero de placa del vehículo. XSL
                                                                        Si el Tag UBL existe y es diferente de vacío, el formato del Tag UBL es diferente a alfanumérico de 6 a 8 caracteres (solo se permiten letras mayúsculas y números, no espacios en blanco ni guion, tampoco se permite solamente ceros) ERROR 2567 Numero de placa del vehículo - El dato ingresado no cumple con el formato establecido. XSL
                                                                        Si el Tag UBL existe y es diferente de vacío, el valor del Tag UBL no se encuentra en el listado OBSERV 4398 El Numero de placa no se encuentra en las bases consultadas REST Placas del MTC
                                                                        47 Tarjeta Única de Circulación Electrónica o Certificado de Habilitación vehicular Global C an..15 /DespatchAdvice/cac:Shipment/cac:TransportHandlingUnit/cac:TransportEquipment/cac:ApplicableTransportMeans/cbc:RegistrationNationalityID Si 'Modalidad de traslado' es '01', el 'Indicador de traslado en vehículos de categoría M1 o L' no existe (Falso), el 'Indicador de registro de vehículos y conductores del transportista' existe (Verdadero), no existe el Tag UBL o es vacío OBSERV 4399 No ha consignado el Numero de Constancia de Inscripcion Vehicular o Certificado de Habilitacion Vehicular o la TUC (fisica o electronica) XSL
                                                                        Si 'Indicador de registro de vehículos y conductores del transportista' no existe (Falso), el Tag UBL existe y es diferente de vacío ERROR 3452 No debe ingresar informacion adicional de vehiculos (registros y/o autorizaciones) XSL
                                                                        Si el Tag UBL existe y es diferente de vacío, el formato del Tag UBL es diferente a alfanumérico de 10 a 15 caracteres (solo se permite letras mayúsculas y números, no se permite ningún otro 'whitespace character': espacio, salto de línea, tab, fin de línea, etc., tampoco se permite solamente ceros) ERROR 3355 El Numero de Constancia de Inscripcion Vehicular o Certificado de Habilitacion Vehicular o la TUC (fisica o electronica) no cumple con el formato establecido XSL
                                                                        Si el Tag UBL existe y es diferente de vacío, el valor del Tag UBL no se encuentra en el listado OBSERV 4400 El Numero de Constancia de Inscripcion Vehicular o Certificado de Habilitacion Vehicular o la TUC (fisica o electronica) no se encuentra en las bases consultadas REST Información de Registro MTC
                                                                        48 "Entidad emisora de la autorización especial - vehículo principal

                                                                        Número de autorización especial del vehículo emitido por la entidad - vehículo principal" Global C an..50 /DespatchAdvice/cac:Shipment/cac:TransportHandlingUnit/cac:TransportEquipment/cac:ShipmentDocumentReference/cbc:ID (Número de autorización) Si 'Indicador de traslado en vehículos de categoría M1 o L' existe (Verdadero), el Tag UBL existe y es diferente de vacío ERROR 3452 No debe ingresar informacion adicional de vehiculos (registros y/o autorizaciones) XSL
                                                                        Si 'Modalidad de traslado' es '01', 'Indicador de traslado en vehículos de categoría M1 o L' no existe (Falso), el 'Indicador de registro de vehículos y conductores del transportista' no existe (Falso), el Tag UBL existe y es diferente de vacío ERROR 3452 No debe ingresar informacion adicional de vehiculos (registros y/o autorizaciones) XSL
                                                                        Si el Tag UBL existe y es diferente de vacío, el formato del Tag UBL es diferente a alfanumérico de 3 hasta 50 caracteres (se considera cualquier carácter incluido espacio, no se permite ningún otro 'whitespace character': salto de línea, tab, fin de línea, etc. Tampoco se permite solo espacios en blanco) OBSERV 4406 El Numero de autorizacion del vehiculo no cumple con el formato establecido XSL
                                                                        Si el Tag UBL existe y es diferente de vacío, existe otro cac:ShipmentDocumentReference ERROR 3356 Solo debe consignar un Numero de autorizacion del vehiculo XSL
                                                                        an2 (Catálogo N.° D-37) /DespatchAdvice/cac:Shipment/cac:TransportHandlingUnit/cac:TransportEquipment/cac:ShipmentDocumentReference/cbc:ID@schemeID (Código de entidad emisora) Si existe 'Número de autorización' con valor diferente de vacío, no existe el atributo o es vacío OBSERV 4403 Debe indicar la entidad autorizadora del vehiculo XSL
                                                                        Si existe el atributo y es diferente de vacío, el valor ingresado no se encuentra en el listado OBSERV 4407 El Codigo de entidad autorizadora del vehiculo no corresponde a un valor esperado XSL Catálogo (D-37)
                                                                        Si existe el atributo y es diferente de vacío, el 'Número de autorización' es vacío OBSERV 4405 Si existe el Codigo de entidad autorizadora, debe consignar el Numero de autorizacion especial del vehiculo XSL
                                                                        "Entidad Autorizadora" @schemeName Si existe el atributo, el valor ingresado es diferente a 'Entidad Autorizadora' OBSERV 4255 El dato ingresado como atributo @schemeName es incorrecto. XSL
                                                                        "PE:SUNAT" @schemeAgencyName Si existe el atributo, el valor ingresado es diferente a 'PE:SUNAT' OBSERV 4256 El dato ingresado como atributo @schemeAgencyName es incorrecto. XSL
                                                                        Vehiculos Secundarios Incremental hasta 2
                                                                        49 Número de placa del vehículo Global C an..8 /DespatchAdvice/cac:Shipment/cac:TransportHandlingUnit/cac:TransportEquipment/cac:AttachedTransportEquipment/cbc:ID Existe más de dos vehículos secundarios (cac:AttachedTransportEquipment) OBSERV 4389 Solo corresponde consignar hasta dos vehiculos secundarios XSL
                                                                        Si 'Indicador de traslado en vehículos de categoría M1 o L' existe (Verdadero), el Tag UBL existe y es diferente de vacío ERROR 3453 No debe ingresar informacion de vehiculos secundarios XSL
                                                                        Si 'Modalidad de traslado' es '01', 'Indicador de traslado en vehículos de categoría M1 o L' no existe (Falso), el 'Indicador de registro de vehículos y conductores del transportista' no existe (Falso), el Tag UBL existe y es diferente de vacío ERROR 3453 No debe ingresar informacion de vehiculos secundarios XSL
                                                                        Si el Tag UBL existe y es diferente de vacío, el formato del Tag UBL es diferente a alfanumérico de 6 a 8 caracteres (solo se permiten letras mayúsculas y números, no espacios en blanco ni guion, tampoco se permite solamente ceros) ERROR 2567 Numero de placa del vehículo - El dato ingresado no cumple con el formato establecido. XSL
                                                                        Si el Tag UBL existe y es diferente de vacío, el valor del Tag UBL no se encuentra en el listado OBSERV 4398 El Numero de placa no se encuentra en las bases consultadas REST Placas del MTC
                                                                        50 Tarjeta Única de Circulación Electrónica o Certificado de Habilitación vehicular Global C an..15 "/DespatchAdvice/cac:Shipment/cac:TransportHandlingUnit/cac:TransportEquipment/cac:AttachedTransportEquipment/cac:ApplicableTransportMeans/cbc:RegistrationNationalityID (Número de documento)
                                                                        " Si la 'Modalidad de traslado' es '01', y el 'Indicador de traslado en vehículos de categoría M1 o L' no existe (Falso), y el 'Indicador de registro de vehículos y conductores del transportista' existe (Verdadero), y existe 'Número de placa del vehículo secundario' diferente de vacío, el Tag UBL no existe o es vacío OBSERV 4399 No ha consignado el Numero de Constancia de Inscripcion Vehicular o Certificado de Habilitacion Vehicular o la TUC (fisica o electronica) XSL
                                                                        Si 'Indicador de registro de vehículos y conductores del transportista' no existe (Falso), el Tag UBL existe y es diferente de vacío ERROR 3454 No debe ingresar informacion adicional de vehiculos secundarios XSL
                                                                        Si existe el Tag UBL y es diferente de vacío, el formato del Tag UBL es diferente a alfanumérico de 10 a 15 caracteres (solo se permite letras mayúsculas y números, no se permite ningún otro 'whitespace character': espacio, salto de línea, tab, fin de línea, etc., tampoco se permite solamente ceros) ERROR 3355 El Numero de Constancia de Inscripcion Vehicular o Certificado de Habilitacion Vehicular o la TUC (fisica o electronica) no cumple con el formato establecido XSL
                                                                        Si el Tag UBL existe y es diferente de vacío, el valor del Tag UBL no se encuentra en el listado OBSERV 4400 El Numero de Constancia de Inscripcion Vehicular o Certificado de Habilitacion Vehicular o la TUC (fisica o electronica) no se encuentra en las bases consultadas REST Información de Registro MTC
                                                                        51 "Entidad emisora de la autorización especial - vehículo secundario

                                                                        Número de autorización especial del vehículo emitido por la entidad - vehículo secundario" Global C an..50 "/DespatchAdvice/cac:Shipment/cac:TransportHandlingUnit/cac:TransportEquipment/cac:AttachedTransportEquipment/cac:ShipmentDocumentReference/cbc:ID (Número de autorización)
                                                                        " Si 'Indicador de traslado en vehículos de categoría M1 o L' existe (Verdadero), el Tag UBL existe y es diferente de vacío ERROR 3454 No debe ingresar informacion adicional de vehiculos secundarios XSL
                                                                        Si 'Modalidad de traslado' es '01', 'Indicador de traslado en vehículos de categoría M1 o L' no existe (Falso), el 'Indicador de registro de vehículos y conductores del transportista' no existe (Falso), el Tag UBL existe y es diferente de vacío ERROR 3454 No debe ingresar informacion adicional de vehiculos secundarios XSL
                                                                        Si el Tag UBL existe y es diferente de vacío, el formato del Tag UBL es diferente a alfanumérico de 3 hasta 50 caracteres (se considera cualquier carácter incluido espacio, no se permite ningún otro 'whitespace character': salto de línea, tab, fin de línea, etc. Tampoco se permite solo espacios en blanco) OBSERV 4406 El Numero de autorizacion del vehiculo no cumple con el formato establecido XSL
                                                                        Si el Tag UBL existe y es diferente de vacío, existe otro cac:ShipmentDocumentReference ERROR 3356 Solo debe consignar un Numero de autorizacion del vehiculo XSL
                                                                        an2 (Catálogo N.° D-37) /DespatchAdvice/cac:Shipment/cac:TransportHandlingUnit/cac:TransportEquipment/cac:AttachedTransportEquipment/cac:ShipmentDocumentReference/cbc:ID@schemeID (Código de entidad emisora) Si existe 'Número de autorización' con valor diferente de vacío, no existe el atributo o es vacío OBSERV 4403 Debe indicar la entidad autorizadora del vehiculo XSL
                                                                        Si existe el atributo y es diferente de vacío, el valor ingresado no se encuentra en el listado OBSERV 4407 El Codigo de entidad autorizadora del vehiculo no corresponde a un valor esperado XSL Catálogo (D-37)
                                                                        Si existe el atributo y es diferente de vacío, el 'Número de autorización' es vacío OBSERV 4405 Si existe el Codigo de entidad autorizadora, debe consignar el Numero de autorizacion especial del vehiculo XSL
                                                                        "Entidad Autorizadora" @schemeName Si existe el atributo, el valor ingresado es diferente a 'Entidad Autorizadora' OBSERV 4255 El dato ingresado como atributo @schemeName es incorrecto. XSL
                                                                        "PE:SUNAT" @schemeAgencyName Si existe el atributo, el valor ingresado es diferente a 'PE:SUNAT' OBSERV 4256 El dato ingresado como atributo @schemeAgencyName es incorrecto. XSL
                                                                        Conductor principal
                                                                        52 Tipo de Conductor Global C an9 'Principal' /DespatchAdvice/cac:Shipment/cac:ShipmentStage/cac:DriverPerson/cbc:JobTitle Si 'Modalidad de traslado' es '02' y el 'Indicador de traslados de vehículos de la categoría M1 o L' no existe (Falso), no existe un tag cac:DriverPerson con 'Tipo de Conductor' igual a 'Principal' ERROR 3357 Debe consignar informacion del conductor principal XSL
                                                                        Si 'Modalidad de traslado' es '01' y el 'Indicador de traslados de vehículos de la categoría M1 o L' no existe (Falso) y el 'Indicador de registro de vehículos y conductores del transportista' existe (Verdadero), no existe un tag cac:DriverPerson con 'Tipo de Conductor' igual a 'Principal' ERROR 3357 Debe consignar informacion del conductor principal XSL
                                                                        Existe más de un tag cac:DriverPerson con 'Tipo de Conductor' igual a 'Principal' ERROR 3358 Solo debe existir informacion de un conductor principal XSL
                                                                        53 Tipo y número de documento de identidad del conductor Global C an1 (Catálogo N° 06) /DespatchAdvice/cac:Shipment/cac:ShipmentStage/cac:DriverPerson/cbc:ID@schemeID Si el 'Tipo de Conductor' es igual a 'Principal' y la 'Modalidad de traslado' es '02' y el 'Indicador de traslados de vehículos de la categoría M1 o L' no existe (Falso), el atributo no existe o es vacío ERROR 2570 El XML no contiene el tag o no existe informacion del tipo de documento identidad del conductor. XSL
                                                                        Si el 'Tipo de Conductor' es igual a 'Principal' y la 'Modalidad de traslado' es '01' y el 'Indicador de traslados de vehículos de la categoría M1 o L' no existe (Falso) y el 'Indicador de registro de vehículos y conductores del transportista' existe (Verdadero), el atributo no existe o es vacío ERROR 2570 El XML no contiene el tag o no existe informacion del tipo de documento identidad del conductor. XSL
                                                                        Si el 'Tipo de Conductor' es igual a 'Principal' y el 'Indicador de traslado en vehículos de categoría M1 o L' existe (Verdadero), el atributo existe y es diferente de vacío ERROR 3455 No debe ingresar informacion del conductor principal XSL
                                                                        Si el 'Tipo de Conductor' es igual a 'Principal', la 'Modalidad de traslado' es '01' y el 'Indicador de traslados de vehículos de la categoría M1 o L' no existe (Falso) y el 'Indicador de registro de vehículos y conductores del transportista' no existe (Falso), el atributo existe y es diferente de vacío ERROR 3455 No debe ingresar informacion del conductor principal XSL
                                                                        Si existe el atributo y es diferente de vacío, y el 'Tipo de Conductor' es igual a 'Principal', el valor del atributo es distinto al Catálogo N° 06 o es igual a '6' ERROR 2571 cac:DriverPerson/ID@schemeID - El valor ingresado de tipo de documento identidad de conductor es incorrecto. XSL Catálogo (006)
                                                                        "Documento de Identidad" @schemeName Si existe el atributo, el valor ingresado es diferente a 'Documento de Identidad' OBSERV 4255 El dato ingresado como atributo @schemeName es incorrecto. XSL
                                                                        "PE:SUNAT" @schemeAgencyName Si existe el atributo, el valor ingresado es diferente a 'PE:SUNAT' OBSERV 4256 El dato ingresado como atributo @schemeAgencyName es incorrecto. XSL
                                                                        "urn:pe:gob:sunat:cpe:see:gem:catalogos:catalogo06" @schemeURI Si existe el atributo, el valor ingresado es diferente a 'urn:pe:gob:sunat:cpe:see:gem:catalogos:catalogo06' OBSERV 4257 El dato ingresado como atributo @schemeURI es incorrecto. XSL
                                                                        C an..15 /DespatchAdvice/cac:Shipment/cac:ShipmentStage/cac:DriverPerson/cbc:ID Si el 'Tipo de Conductor' es igual a 'Principal' y la 'Modalidad de traslado' es '02' y el 'Indicador de traslados de vehículos de la categoría M1 o L' no existe (Falso), el Tag UBL no existe o es vacío ERROR 2568 El XML no contiene el tag o no existe informacion en el Numero de documento de identidad del conductor. XSL
                                                                        Si el 'Tipo de Conductor' es igual a 'Principal' y la 'Modalidad de traslado' es '01' y el 'Indicador de traslados de vehículos de la categoría M1 o L' no existe (Falso) y el 'Indicador de registro de vehículos y conductores del transportista' existe (Verdadero), el Tag UBL no existe o es vacío ERROR 2568 El XML no contiene el tag o no existe informacion en el Numero de documento de identidad del conductor. XSL
                                                                        Si el 'Tipo de Conductor' es igual a 'Principal', y el 'Indicador de traslado en vehículos de categoría M1 o L' existe (Verdadero), el Tag UBL existe y es diferente de vacío ERROR 3455 No debe ingresar informacion del conductor principal XSL
                                                                        Si el 'Tipo de Conductor' es igual a 'Principal' y la 'Modalidad de traslado' es '01' y el 'Indicador de traslados de vehículos de la categoría M1 o L' no existe (Falso) y el 'Indicador de registro de vehículos y conductores del transportista' no existe (Falso), el Tag UBL existe y es diferente de vacío ERROR 3455 No debe ingresar informacion del conductor principal XSL
                                                                        Si el 'Tipo de Conductor' es igual a 'Principal', y el 'Tipo de documento de identidad del conductor' es '1', el fomato del Tag UBL es diferente a numérico de 8 dígitos ERROR 2569 Documento identidad del conductor - El dato ingresado no cumple con el formato establecido. XSL
                                                                        Si el 'Tipo de Conductor' es igual a 'Principal', y el 'Tipo de documento de identidad del conductor' es '1', el valor del Tag UBL no se encuentra en el listado ERROR 3359 El numero de DNI del conductor no existe REST Padrón RENIEC
                                                                        Si el 'Tipo de Conductor' es igual a 'Principal', y el 'Tipo de documento de identidad del conductor' es diferente a '1' y diferente de vacío, el formato del Tag UBL es diferente a alfanumérico de hasta 15 caracteres (se considera cualquier carácter, no se permite ningún otro 'whitespace character': espacio, salto de línea, tab, fin de línea, etc.) ERROR 2569 Documento identidad del conductor - El dato ingresado no cumple con el formato establecido. XSL
                                                                        54 Apellidos y nombres del conductor Global C an..250 /DespatchAdvice/cac:Shipment/cac:ShipmentStage/cac:DriverPerson/cbc:FirstName (Nombres) Si el 'Tipo de Conductor' es igual a 'Principal' y la 'Modalidad de traslado' es '02' y el 'Indicador de traslados de vehículos de la categoría M1 o L' no existe (Falso), el Tag UBL no existe o es vacío ERROR 3360 Debe consignar informacion de los nombres del conductor XSL
                                                                        Si el 'Tipo de Conductor' es igual a 'Principal' y la 'Modalidad de traslado' es '01' y el 'Indicador de traslados de vehículos de la categoría M1 o L' no existe (Falso) y el 'Indicador de registro de vehículos y conductores del transportista' existe (Verdadero), el Tag UBL no existe o es vacío ERROR 3360 Debe consignar informacion de los nombres del conductor XSL
                                                                        Si el 'Tipo de Conductor' es igual a 'Principal' y el 'Indicador de traslado en vehículos de categoría M1 o L' existe (Verdadero), el Tag UBL existe y es diferente de vacío ERROR 3455 No debe ingresar informacion del conductor principal XSL
                                                                        Si el 'Tipo de Conductor' es igual a 'Principal' y la 'Modalidad de traslado' es '01' y el 'Indicador de traslados de vehículos de la categoría M1 o L' no existe (Falso) y el 'Indicador de registro de vehículos y conductores del transportista' no existe (Falso), el Tag UBL existe y es diferente de vacío ERROR 3455 No debe ingresar informacion del conductor principal XSL
                                                                        Si el Tag UBL existe y es diferente de vacío, el 'Tipo de Conductor' es igual a 'Principal', el formato del Tag UBL es diferente a alfanumérico de hasta 250 caracteres (se considera cualquier carácter incluido espacio, no se permite ningún otro 'whitespace character': salto de línea, tab, fin de línea, etc. Tampoco se permite solo espacios en blanco) OBSERV 4409 Los nombres y/o apellidos del conductor no cumplen con el formato establecido XSL
                                                                        an..250 /DespatchAdvice/cac:Shipment/cac:ShipmentStage/cac:DriverPerson/cbc:FamilyName (Apellidos) Si el 'Tipo de Conductor' es igual a 'Principal' y la 'Modalidad de traslado' es '02' y el 'Indicador de traslados de vehículos de la categoría M1 o L' no existe (Falso), el Tag UBL no existe o es vacío ERROR 3361 Debe consignar informacion de los apellidos del conductor XSL
                                                                        Si el 'Tipo de Conductor' es igual a 'Principal' y la 'Modalidad de traslado' es '01' y el 'Indicador de traslados de vehículos de la categoría M1 o L' no existe (Falso) y el 'Indicador de registro de vehículos y conductores del transportista' existe (Verdadero), el Tag UBL no existe o es vacío ERROR 3361 Debe consignar informacion de los apellidos del conductor XSL
                                                                        Si el 'Tipo de Conductor' es igual a 'Principal' y el 'Indicador de traslado en vehículos de categoría M1 o L' existe (Verdadero), el Tag UBL existe y es diferente de vacío ERROR 3455 No debe ingresar informacion del conductor principal XSL
                                                                        Si el 'Tipo de Conductor' es igual a 'Principal' y la 'Modalidad de traslado' es '01' y el 'Indicador de traslados de vehículos de la categoría M1 o L' no existe (Falso) y el 'Indicador de registro de vehículos y conductores del transportista' no existe (Falso), el Tag UBL existe y es diferente de vacío ERROR 3455 No debe ingresar informacion del conductor principal XSL
                                                                        Si el Tag UBL existe y es diferente de vacío, el 'Tipo de Conductor' es igual a 'Principal', el formato del Tag UBL es diferente a alfanumérico de hasta 250 caracteres (se considera cualquier carácter incluido espacio, no se permite ningún otro 'whitespace character': salto de línea, tab, fin de línea, etc. Tampoco se permite solo espacios en blanco) OBSERV 4409 Los nombres y/o apellidos del conductor no cumplen con el formato establecido XSL
                                                                        55 Número de licencia de conducir Global C an..10 /DespatchAdvice/cac:Shipment/cac:ShipmentStage/cac:DriverPerson/cac:IdentityDocumentReference/cbc:ID Si el 'Tipo de Conductor' es igual a 'Principal' y la 'Modalidad de traslado' es '02' y el 'Indicador de traslados de vehículos de la categoría M1 o L' no existe (Falso), el Tag UBL no existe o es vacío ERROR 2572 El XML no contiene el tag o no existe informacion del Numero de licencia del conductor. XSL
                                                                        Si el 'Tipo de Conductor' es igual a 'Principal' y la 'Modalidad de traslado' es '01' y el 'Indicador de traslados de vehículos de la categoría M1 o L' no existe (Falso) y el 'Indicador de registro de vehículos y conductores del transportista' existe (Verdadero), el Tag UBL no existe o es vacío ERROR 2572 El XML no contiene el tag o no existe informacion del Numero de licencia del conductor. XSL
                                                                        Si el 'Tipo de Conductor' es igual a 'Principal' y el 'Indicador de traslado en vehículos de categoría M1 o L' existe (Verdadero), el Tag UBL existe y es diferente de vacío ERROR 3455 No debe ingresar informacion del conductor principal XSL
                                                                        Si el 'Tipo de Conductor' es igual a 'Principal' y la 'Modalidad de traslado' es '01' y el 'Indicador de traslados de vehículos de la categoría M1 o L' no existe (Falso) y el 'Indicador de registro de vehículos y conductores del transportista' no existe (Falso), el Tag UBL existe y es diferente de vacío ERROR 3455 No debe ingresar informacion del conductor principal XSL
                                                                        Si el 'Tipo de Conductor' es igual a 'Principal', y el valor del Tag es diferente de vacío, el formato del Tag UBL es diferente a alfanumérico de 9 a 10 caracteres (solo se permiten letras mayúsculas y números, no se permite solamente ceros) ERROR 2573 Numero de licencia del conductor - El dato ingresado no cumple con el formato establecido. XSL
                                                                        Si el 'Tipo de Conductor' es igual a 'Principal', y el valor del Tag es diferente de vacío, el valor del Tag UBL no se encuentra en el listado OBSERV 4412 El Numero de licencia de conducir no se encuentra en las bases consultadas REST Licencias MTC
                                                                        Conductores secundarios - Incremental hasta 2
                                                                        56 Tipo de Conductor Global C an10 'Secundario' /DespatchAdvice/cac:Shipment/cac:ShipmentStage/cac:DriverPerson/cbc:JobTitle Existe más de un tag cac:DriverPerson con 'Tipo de Conductor' igual a 'Secundario' y 'Número de licencia de conducir´secundario iguales (no se considera los 'Números de licencia de conducir' con valor vacío) ERROR 3362 No debe repetirse la informacion de conductores XSL
                                                                        57 Tipo y número de documento de identidad del conductor Global C an1 (Catálogo N° 06) /DespatchAdvice/cac:Shipment/cac:ShipmentStage/cac:DriverPerson/cbc:ID@schemeID Si el 'Tipo de Conductor' es igual a 'Secundario' y la 'Modalidad de traslado' es '02' y el 'Indicador de traslados de vehículos de la categoría M1 o L' no existe (Falso), y existe 'Número de documento de identidad' de conductor secundario con valor diferente de vacío, no existe el atributo o es vacío ERROR 2570 El XML no contiene el tag o no existe informacion del tipo de documento identidad del conductor. XSL
                                                                        Si el 'Tipo de Conductor' es igual a 'Secundario' y la 'Modalidad de traslado' es '01' y el 'Indicador de traslados de vehículos de la categoría M1 o L' no existe (Falso), y existe 'Número de documento de identidad' de conductor secundario con valor diferente de vacío, no existe el atributo o es vacío ERROR 2570 El XML no contiene el tag o no existe informacion del tipo de documento identidad del conductor. XSL
                                                                        Si el 'Tipo de Conductor' es igual a 'Secundario' y el 'Indicador de traslado en vehículos de categoría M1 o L' existe (Verdadero), el atributo existe y es diferente de vacío ERROR 3456 No debe ingresar informacion del conductores secundarios XSL
                                                                        Si el 'Tipo de Conductor' es igual a 'Secundario' y la 'Modalidad de traslado' es '01' y el 'Indicador de traslados de vehículos de la categoría M1 o L' no existe (Falso) y el 'Indicador de registro de vehículos y conductores del transportista' no existe (Falso), el atributo existe y es diferente de vacío ERROR 3456 No debe ingresar informacion del conductores secundarios XSL
                                                                        Si existe el atributo, y el 'Tipo de Conductor' es igual a 'Secundario' y la 'Modalidad de traslado' es '02' y el 'Indicador de traslados de vehículos de la categoría M1 o L' no existe (Falso), el valor del atributo es distinto al Catálogo N° 06 o es igual a '6' ERROR 2571 cac:DriverPerson/ID@schemeID - El valor ingresado de tipo de documento identidad de conductor es incorrecto. XSL Catálogo (006)
                                                                        Si existe el atributo, y el 'Tipo de Conductor' es igual a 'Secundario' y la 'Modalidad de traslado' es '01' y el 'Indicador de traslados de vehículos de la categoría M1 o L' no existe (Falso), el valor del atributo es distinto al Catálogo N° 06 o es igual a '6' ERROR 2571 cac:DriverPerson/ID@schemeID - El valor ingresado de tipo de documento identidad de conductor es incorrecto. XSL
                                                                        "Documento de Identidad" @schemeName Si existe el atributo, el valor ingresado es diferente a 'Documento de Identidad' OBSERV 4255 El dato ingresado como atributo @schemeName es incorrecto. XSL
                                                                        "PE:SUNAT" @schemeAgencyName Si existe el atributo, el valor ingresado es diferente a 'PE:SUNAT' OBSERV 4256 El dato ingresado como atributo @schemeAgencyName es incorrecto. XSL
                                                                        "urn:pe:gob:sunat:cpe:see:gem:catalogos:catalogo06" @schemeURI Si existe el atributo, el valor ingresado es diferente a 'urn:pe:gob:sunat:cpe:see:gem:catalogos:catalogo06' OBSERV 4257 El dato ingresado como atributo @schemeURI es incorrecto. XSL
                                                                        an..15 /DespatchAdvice/cac:Shipment/cac:ShipmentStage/cac:DriverPerson/cbc:ID Si el 'Tipo de Conductor' es igual a 'Secundario' y la 'Modalidad de traslado' es '02' y el 'Indicador de traslados de vehículos de la categoría M1 o L' no existe (Falso), y existe 'Tipo de documento de identidad' de conductor secundario con valor diferente de vacío, el valor del Tag UBL es valor vacío ERROR 2568 El XML no contiene el tag o no existe informacion en el Numero de documento de identidad del conductor. XSL
                                                                        Si el 'Tipo de Conductor' es igual a 'Secundario' y la 'Modalidad de traslado' es '01' y el 'Indicador de traslados de vehículos de la categoría M1 o L' no existe (Falso), y el 'Indicador de registro de vehículos y conductores del transportista' existe (Verdadero), y existe 'Tipo de documento de identidad' de conductor secundario con valor diferente de vacío, el valor del Tag UBL es vacío ERROR 2568 El XML no contiene el tag o no existe informacion en el Numero de documento de identidad del conductor. XSL
                                                                        Si el 'Tipo de Conductor' es igual a 'Secundario' y la 'Modalidad de traslado' es '02' y el 'Indicador de traslados de vehículos de la categoría M1 o L' no existe (Falso), y existe 'Número de licencia de conducir' de conductor secundario con valor diferente de vacío, no existe el Tag UBL o es vacío ERROR 2568 El XML no contiene el tag o no existe informacion en el Numero de documento de identidad del conductor. XSL
                                                                        Si el 'Tipo de Conductor' es igual a 'Secundario' y la 'Modalidad de traslado' es '01' y el 'Indicador de traslados de vehículos de la categoría M1 o L' no existe (Falso), y el 'Indicador de registro de vehículos y conductores del transportista' existe (Verdadero), y existe 'Número de licencia de conducir' de conductor secundario con valor diferente de vacío, no existe el Tag UBL o es vacío ERROR 2568 El XML no contiene el tag o no existe informacion en el Numero de documento de identidad del conductor. XSL
                                                                        Si el 'Tipo de Conductor' es igual a 'Secundario' y el 'Indicador de traslado en vehículos de categoría M1 o L' existe (Verdadero), el Tag UBL existe y es diferente de vacío ERROR 3456 No debe ingresar informacion del conductores secundarios XSL
                                                                        Si el 'Tipo de Conductor' es igual a 'Secundario' y la 'Modalidad de traslado' es '01' y el 'Indicador de traslados de vehículos de la categoría M1 o L' no existe (Falso) y el 'Indicador de registro de vehículos y conductores del transportista' no existe (Falso), el Tag UBL existe y es diferente de vacío ERROR 3456 No debe ingresar informacion del conductores secundarios XSL
                                                                        Si el 'Tipo de Conductor' es igual a 'Secundario', y el 'Tipo de documento de identidad del conductor' es '1', el fomato del Tag UBL es diferente a numérico de 8 dígitos ERROR 2569 Documento identidad del conductor - El dato ingresado no cumple con el formato establecido. XSL
                                                                        Si el 'Tipo de Conductor' es igual a 'Secundario', y el 'Tipo de documento de identidad del conductor' es '1', el valor del Tag UBL no se encuentra en el listado ERROR 3359 El numero de DNI del conductor no existe REST Padrón RENIEC
                                                                        Si el 'Tipo de Conductor' es igual a 'Secundario', y el 'Tipo de documento de identidad del conductor' es diferente a '1' y diferente de vacío, el formato del Tag UBL es diferente a alfanumérico de hasta 15 caracteres (se considera cualquier carácter, no se permite ningún otro 'whitespace character': espacio, salto de línea, tab, fin de línea, etc.) ERROR 2569 Documento identidad del conductor - El dato ingresado no cumple con el formato establecido. XSL
                                                                        58 Apellidos y nombres del conductor Global C an..250 /DespatchAdvice/cac:Shipment/cac:ShipmentStage/cac:DriverPerson/cbc:FirstName (Nombres) Si el 'Tipo de Conductor' es igual a 'Secundario' y la 'Modalidad de traslado' es '02' y el 'Indicador de traslados de vehículos de la categoría M1 o L' no existe (Falso), y existe 'Número de licencia de conducir' de conductor secundario con valor diferente de vacío, no existe el Tag UBL o es vacío ERROR 3360 Debe consignar informacion de los nombres del conductor XSL
                                                                        Si el 'Tipo de Conductor' es igual a 'Secundario' y la 'Modalidad de traslado' es '01' y el 'Indicador de traslados de vehículos de la categoría M1 o L' no existe (Falso), y el 'Indicador de registro de vehículos y conductores del transportista' existe (Verdadero), y existe 'Número de licencia de conducir' de conductor secundario con valor diferente de vacío, no existe el Tag UBL o es vacío ERROR 3360 Debe consignar informacion de los nombres del conductor XSL
                                                                        Si el 'Tipo de Conductor' es igual a 'Secundario' y el 'Indicador de traslado en vehículos de categoría M1 o L' existe (Verdadero), el Tag UBL existe y es diferente de vacío ERROR 3456 No debe ingresar informacion del conductores secundarios XSL
                                                                        Si el 'Tipo de Conductor' es igual a 'Secundario' y la 'Modalidad de traslado' es '01' y el 'Indicador de traslados de vehículos de la categoría M1 o L' no existe (Falso) y el 'Indicador de registro de vehículos y conductores del transportista' no existe (Falso), el Tag UBL existe y es diferente de vacío ERROR 3456 No debe ingresar informacion del conductores secundarios XSL
                                                                        Si el Tag UBL existe y es diferente de vacío, el 'Tipo de Conductor' es igual a 'Secundario', el formato del Tag UBL es diferente a alfanumérico de hasta 250 caracteres (se considera cualquier carácter incluido espacio, no se permite ningún otro 'whitespace character': salto de línea, tab, fin de línea, etc. Tampoco se permite solo espacios en blanco) OBSERV 4409 Los nombres y/o apellidos del conductor no cumplen con el formato establecido XSL
                                                                        an..250 /DespatchAdvice/cac:Shipment/cac:ShipmentStage/cac:DriverPerson/cbc:FamilyName (Apellidos) Si el 'Tipo de Conductor' es igual a 'Secundario' y la 'Modalidad de traslado' es '02' y el 'Indicador de traslados de vehículos de la categoría M1 o L' no existe (Falso), y existe 'Número de licencia de conducir' de conductor secundario con valor diferente de vacío, no existe el Tag UBL o es vacío ERROR 3361 Debe consignar informacion de los apellidos del conductor XSL
                                                                        Si el 'Tipo de Conductor' es igual a 'Secundario' y la 'Modalidad de traslado' es '01' y el 'Indicador de traslados de vehículos de la categoría M1 o L' no existe (Falso), y el 'Indicador de registro de vehículos y conductores del transportista' existe (Verdadero), y existe 'Número de licencia de conducir' de conductor secundario con valor diferente de vacío, no existe el Tag UBL o es vacío ERROR 3361 Debe consignar informacion de los apellidos del conductor XSL
                                                                        Si el 'Tipo de Conductor' es igual a 'Secundario' y el 'Indicador de traslado en vehículos de categoría M1 o L' existe (Verdadero), el Tag UBL existe y es diferente de vacío ERROR 3456 No debe ingresar informacion del conductores secundarios XSL
                                                                        Si el 'Tipo de Conductor' es igual a 'Secundario' y la 'Modalidad de traslado' es '01' y el 'Indicador de traslados de vehículos de la categoría M1 o L' no existe (Falso) y el 'Indicador de registro de vehículos y conductores del transportista' no existe (Falso), el Tag UBL existe y es diferente de vacío ERROR 3456 No debe ingresar informacion del conductores secundarios XSL
                                                                        Si el Tag UBL existe y es diferente de vacío, el 'Tipo de Conductor' es igual a 'Secundario', el formato del Tag UBL es diferente a alfanumérico de hasta 250 caracteres (se considera cualquier carácter incluido espacio, no se permite ningún otro 'whitespace character': salto de línea, tab, fin de línea, etc. Tampoco se permite solo espacios en blanco) OBSERV 4409 Los nombres y/o apellidos del conductor no cumplen con el formato establecido XSL
                                                                        59 Número de licencia de conducir Global C an..10 /DespatchAdvice/cac:Shipment/cac:ShipmentStage/cac:DriverPerson/cac:IdentityDocumentReference/cbc:ID Si el 'Tipo de Conductor' es igual a 'Secundario' y la 'Modalidad de traslado' es '02' y el 'Indicador de traslados de vehículos de la categoría M1 o L' no existe (Falso), y existe 'Número de documento de identidad' de conductor secundario con valor diferente de vacío, no existe el Tag UBL o es vacío ERROR 2572 El XML no contiene el tag o no existe informacion del Numero de licencia del conductor. XSL
                                                                        Si el 'Tipo de Conductor' es igual a 'Secundario' y la 'Modalidad de traslado' es '01' y el 'Indicador de traslados de vehículos de la categoría M1 o L' no existe (Falso), y existe 'Número de documento de identidad' del conductor secundario con valor diferente de vacío, no existe el Tag UBL o es vacío ERROR 2572 El XML no contiene el tag o no existe informacion del Numero de licencia del conductor. XSL
                                                                        Si el 'Tipo de Conductor' es igual a 'Secundario' y el 'Indicador de traslado en vehículos de categoría M1 o L' existe (Verdadero), el Tag UBL existe y es diferente de vacío ERROR 3456 No debe ingresar informacion del conductores secundarios XSL
                                                                        Si el 'Tipo de Conductor' es igual a 'Secundario' y la 'Modalidad de traslado' es '01' y el 'Indicador de traslados de vehículos de la categoría M1 o L' no existe (Falso) y el 'Indicador de registro de vehículos y conductores del transportista' no existe (Falso), el Tag UBL existe y es diferente de vacío ERROR 3456 No debe ingresar informacion del conductores secundarios XSL
                                                                        Si el 'Tipo de Conductor' es igual a 'Secundario', y el valor del Tag es diferente de vacío, el formato del Tag UBL es diferente a alfanumérico de 9 a 10 caracteres (solo se permiten letras mayúsculas y números, no se permite solamente ceros) ERROR 2573 Numero de licencia del conductor - El dato ingresado no cumple con el formato establecido. XSL
                                                                        Si el 'Tipo de Conductor' es igual a 'Secundario', y el valor del Tag es diferente de vacío, el valor del Tag UBL no se encuentra en el listado OBSERV 4412 El Numero de licencia de conducir no se encuentra en las bases consultadas REST Licencias MTC
                                                                        Dirección del punto de partida
                                                                        60 Ubigeo de partida Global M an6 (Catálogo N° 13) /DespatchAdvice/cac:Shipment/cac:Delivery/cac:Despatch/cac:DespatchAddress/cbc:ID No existe el Tag UBL o es vacío ERROR 2775 El XML no contiene el atributo o no existe informacion del codigo de ubigeo. XSL
                                                                        El formato del Tag UBL es diferente a numérico de 6 dígitos ERROR 2776 El valor ingresado como codigo de ubigeo no cumple con el estandar. XSL
                                                                        El valor del Tag UBL no está en el listado ERROR 3363 El codigo de ubigeo del punto de partida no existe XSL Catálogo (013)
                                                                        "Si 'Motivo de traslado' es '08', existe 'Código de puerto' válido (existe en el listado), el valor del Tag UBL no corresponde al ubigeo del puerto consignado
                                                                        " ERROR 3364 El codigo de ubigeo no corresponde a la direccion del puerto/aeropuerto consignado XSL Catálogo (063)
                                                                        "Si 'Motivo de traslado' es '08', existe 'Código de aeropuerto' válido (existe en el listado), el valor del Tag UBL no corresponde al ubigeo del aeropuero consignado
                                                                        " ERROR 3364 El codigo de ubigeo no corresponde a la direccion del puerto/aeropuerto consignado XSL Catálogo (064)
                                                                        "PE:INEI" @schemeAgencyName Si existe el atributo, el valor ingresado es diferente a 'PE:INEI' OBSERV 4256 El dato ingresado como atributo @schemeAgencyName es incorrecto. XSL
                                                                        "Ubigeos" @schemeName Si existe el atributo, el valor ingresado es diferente a 'Ubigeos' OBSERV 4255 El dato ingresado como atributo @schemeName es incorrecto. XSL
                                                                        61 Dirección completa y detallada de partida Global M an..500 /DespatchAdvice/cac:Shipment/cac:Delivery/cac:Despatch/cac:DespatchAddress/cac:AddressLine/cbc:Line No existe el Tag UBL o es vacío ERROR 2577 El XML no contiene el tag o no existe informacion de direccion detallada de punto de partida. XSL
                                                                        El formato del Tag UBL es diferente a alfanumérico de 3 hasta 500 caracteres (se considera cualquier carácter incluido espacio, no se permite ningún otro 'whitespace character': salto de línea, tab, fin de línea, etc. Tampoco se permite solo espacios en blanco) OBSERV 4076 Direccion de punto de partida - El dato ingresado no cumple con el formato establecido. XSL
                                                                        62 Número de RUC asociado al punto de partida Global C an11 n11 /DespatchAdvice/cac:Shipment/cac:Delivery/cac:Despatch/cac:DespatchAddress/cbc:AddressTypeCode@listID Si el 'Código de establecimiento de punto de partida' existe y es diferente de vacío, no existe el atributo o es vacío ERROR 3410 Debe indicar el Numero de RUC al cual pertenece el Codigo de establecimiento anexo del punto de partida/llegada XSL
                                                                        Si el atributo existe y es diferente de vacío, y el 'Motivo de traslado' es '02', '07' o '08', el valor de atributo es igual a 'Número de documento de identidad' del remitente ERROR 3411 El Numero de RUC asociado al punto de partida/llegada no debe ser el igual al Numero de RUC del remitente XSL
                                                                        Si el atributo existe y es diferente de vacío, y el 'Motivo de traslado' es '04', el valor del atributo es diferente a 'Número de documento de identidad' del remitente ERROR 3414 El Numero de RUC asociado al punto de partida/llegada debe ser el igual al Numero de RUC del remitente XSL
                                                                        Si el 'Motivo de traslado' es '08', no existe 'Código de Puerto' o es vacío, y no existe 'Código de Aeropuerto' o es vacío, el Tag UBL existe y es diferente al número de RUC del depósito temporal consignado en la DAM o DS siempre que exista este dato en la DAM o DS (debe verificarse que se cumpla para todas las DAM o DS consignadas en la guía) ERROR 3424 Si el Motivo de traslado es 08-Importacion, y el punto de partida no es un puerto ni aeropuerto, el Numero de Ruc del establecimiento debe corresponder al numero de RUC del deposito temporal consignado en la DAM o DS REST Detalle de DAM y DS
                                                                        Si el atributo existe y es diferente de vacío, el valor del atributo es diferente de numérico de 11 dígitos ERROR 3409 El Numero de RUC no cumple con el formato establecido XSL
                                                                        Si el atributo existe y es diferente de vacío, el valor del atributo no está en el listado ERROR 3412 El Numero de RUC aociado al establecimiento del punto de partida/llegada no existe REST Contribuyentes
                                                                        63 Código de establecimiento de punto de partida Global C an4 n4 /DespatchAdvice/cac:Shipment/cac:Delivery/cac:Despatch/cac:DespatchAddress/cbc:AddressTypeCode Si el 'Número de RUC asociado al punto de partida' existe y es diferente de vacío, el Tag UBL es vacío ERROR 3365 El codigo de establecimiento anexo del punto de partida no existe o no contiene informacion XSL
                                                                        Si el 'Motivo de traslado' es '04', no existe el Tag UBL o es vacío ERROR 3365 El codigo de establecimiento anexo del punto de partida no existe o no contiene informacion XSL
                                                                        Si el 'Motivo de traslado' es '08', y no existe 'Código de Puerto' o es vacío, y no existe 'Código de Aeropuerto' o es vacío, no existe el Tag UBL o es vacío ERROR 3365 El codigo de establecimiento anexo del punto de partida no existe o no contiene informacion XSL
                                                                        Si existe el Tag UBL y es diferente de vacío y es diferente de '0000', el 'Número de RUC asociado al punto de partida' es igual al 'Número de RUC del remitente', el valor del Tag UBL no está en el listado ERROR 3366 El codigo de establecimiento anexo del punto de partida no esta declarado en SUNAT REST Establecimientos Anexos
                                                                        "Si existe el Tag UBL y es diferente de vacío y es diferente de '0000', el 'Número de RUC asociado al punto de partida' no es igual al 'Número de RUC del remitente', el valor del Tag UBL no está en el listado para el 'Número de RUC asociado al punto de partida'
                                                                        " ERROR 3366 El codigo de establecimiento anexo del punto de partida no esta declarado en SUNAT REST Establecimientos Anexos
                                                                        Si existe el Tag UBL y es diferente de vacío y es diferente de '0000', el ubigeo del 'Código de establecimiento de punto de partida' para el 'Número de RUC asociado al punto de partida' en el listado, es diferente al 'Ubigeo de partida' consignado ERROR 3367 El codigo de establecimiento anexo del punto de partida no coincide con el ubigeo de partida consignado REST Establecimientos Anexos
                                                                        "PE:SUNAT" @listAgencyName Si existe el atributo, el valor ingresado es diferente a 'PE:SUNAT' OBSERV 4251 El dato ingresado como atributo @listAgencyName es incorrecto. XSL
                                                                        "Establecimientos anexos" @listName Si existe el atributo, el valor ingresado es diferente a 'Establecimientos anexos' OBSERV 4252 El dato ingresado como atributo @listName es incorrecto. XSL
                                                                        64 Punto de georreferencia de partida Global C an..13 n(3,8) /DespatchAdvice/cac:Shipment/cac:Delivery/cac:Despatch/cac:DespatchAddress/cac:LocationCoordinate/cbc:LatitudeDegreesMeasure (Longitud) El formato del Tag UBL es diferente de númerico de hasta 3 enteros y hasta 8 decimales (acepta valores positivos o negativos) ERROR 3413 El valor ingresado como Punto de georreferencia no cumple con el formato establecido XSL
                                                                        an2 'DD' @unitCode <<< SIN VALIDACIÓN>>> - - -
                                                                            an..13 n(3,8) /DespatchAdvice/cac:Shipment/cac:Delivery/cac:Despatch/cac:DespatchAddress/cac:LocationCoordinate/cbc:LongitudeDegreesMeasure (Latitud) El formato del Tag UBL es diferente de númerico de hasta 3 enteros y hasta 8 decimales (acepta valores positivos o negativos) ERROR 3413 El valor ingresado como Punto de georreferencia no cumple con el formato establecido XSL
                                                                            an2 'DD' @unitCode <<< SIN VALIDACIÓN>>> - - -
                                                                                Dirección del punto de llegada
                                                                                65 Ubigeo de llegada Global C an6 (Catálogo N° 13) /DespatchAdvice/cac:Shipment/cac:Delivery/cac:DeliveryAddress/cbc:ID Si 'Motivo de traslado' es diferente de '18', no existe el Tag UBL o es vacío ERROR 2775 El XML no contiene el atributo o no existe informacion del codigo de ubigeo. XSL
                                                                                Si 'Motivo de traslado' es diferente de '18', el formato del Tag UBL es diferente a numérico de 6 dígitos ERROR 2776 El valor ingresado como codigo de ubigeo no cumple con el estandar. XSL
                                                                                Si 'Motivo de traslado' es diferente de '18', el valor del Tag UBL no está en el listado ERROR 3368 El codigo de ubigeo del punto de llegada no existe XSL Catálogo (013)
                                                                                "Si 'Motivo de traslado' es '09' y existe 'Código de puerto' válido (existe en el listado), el valor del Tag UBL no corresponde al ubigeo del puerto consignado
                                                                                " ERROR 3364 El codigo de ubigeo no corresponde a la direccion del puerto/aeropuerto consignado XSL Catálogo (063)
                                                                                "PE:INEI" @schemeAgencyName Si existe el atributo, el valor ingresado es diferente a 'PE:INEI' OBSERV 4256 El dato ingresado como atributo @schemeAgencyName es incorrecto. XSL
                                                                                "Ubigeos" @schemeName Si existe el atributo, el valor ingresado es diferente a 'Ubigeos' OBSERV 4255 El dato ingresado como atributo @schemeName es incorrecto. XSL
                                                                                66 Dirección completa y detallada de llegada Global C an..500 /DespatchAdvice/cac:Shipment/cac:Delivery/cac:DeliveryAddress/cac:AddressLine/cbc:Line Si 'Motivo de traslado' es diferente de '18', no existe el Tag UBL o es vacío ERROR 2574 El XML no contiene el tag o no existe informacion de direccion detallada de punto de llegada. XSL
                                                                                Si 'Motivo de traslado' es diferente de '18', el formato del Tag UBL es diferente a alfanumérico de 3 hasta 500 caracteres (se considera cualquier carácter incluido espacio, no se permite ningún otro 'whitespace character': salto de línea, tab, fin de línea, etc. Tampoco se permite solo espacios en blanco) OBSERV 4068 Direccion de punto de llegada - El dato ingresado no cumple con el formato establecido. XSL
                                                                                67 Número de RUC asociado al punto de llegada Global C an11 n11 /DespatchAdvice/cac:Shipment/cac:Delivery/cac:DeliveryAddress/cbc:AddressTypeCode@listID Si el 'Código de establecimiento de punto de llegada' existe y es diferente de vacío, no existe el atributo o es vacío ERROR 3410 Debe indicar el Numero de RUC al cual pertenece el Codigo de establecimiento anexo del punto de partida/llegada XSL
                                                                                Si el atributo existe y es diferente de vacío, el 'Motivo de traslado' es '01', '03', '05', '06', '14' o '17', el valor del atributo es igual a 'Número de documento de identidad' del remitente ERROR 3411 El Numero de RUC asociado al punto de partida/llegada no debe ser el igual al Numero de RUC del remitente XSL
                                                                                Si el atributo existe y es diferente de vacío, y el 'Motivo de traslado' es '04', el valor del atributo es diferente a 'Número de documento de identidad' del remitente ERROR 3414 El Numero de RUC asociado al punto de partida/llegada debe ser el igual al Numero de RUC del remitente XSL
                                                                                Si el atributo existe y es diferente de vacío, el valor del atributo es diferente de numérico de 11 dígitos ERROR 3409 El Numero de RUC no cumple con el formato establecido XSL
                                                                                Si el atributo existe y es diferente de vacío, el valor del atributo no está en el listado ERROR 3412 El Numero de RUC aociado al establecimiento del punto de partida/llegada no existe REST Contribuyentes
                                                                                68 Código de establecimiento de punto de llegada Global C an4 n4 /DespatchAdvice/cac:Shipment/cac:Delivery/cac:DeliveryAddress/cbc:AddressTypeCode Si el 'Número de RUC asociado al punto de llegada' existe y es diferente de vacío, el Tag UBL es vacío ERROR 3369 El codigo de establecimiento anexo del punto de llegada no existe o no contiene informacion XSL
                                                                                Si el 'Motivo de traslado' es '04', no existe el Tag UBL o es vacío ERROR 3369 El codigo de establecimiento anexo del punto de llegada no existe o no contiene informacion XSL
                                                                                Si el 'Motivo de traslado' es '18', existe el Tag UBL y es diferente de vacío ERROR 3416 No corresponde informar codigo de establecimiento del punto de llegada XSL
                                                                                Si el 'Motivo de traslado' es '09', y no existe 'Código de Puerto' o es vacío, no existe el Tag UBL o es vacío ERROR 3369 El codigo de establecimiento anexo del punto de llegada no existe o no contiene informacion XSL
                                                                                Si existe el Tag UBL y es diferente de vacío y es diferente de '0000', y el 'Número de RUC asociado al punto de llegada' es igual al 'Número de RUC del remitente', el valor del Tag UBL no está en el listado ERROR 3370 El codigo de establecimiento anexo del punto de llegada no esta declarado en SUNAT REST Establecimientos Anexos
                                                                                Si existe el Tag UBL y es diferente de vacío y es diferente de '0000', y el 'Número de RUC asociado al punto de llegada' no es igual al 'Número de RUC del remitente', el valor del Tag UBL no está en el listado para el 'Número de RUC asociado al punto de llegada' ERROR 3370 El codigo de establecimiento anexo del punto de llegada no esta declarado en SUNAT REST Establecimientos Anexos
                                                                                Si existe el Tag UBL y es diferente de vacío y es diferente de '0000', el ubigeo del 'Código de establecimiento de punto de llegada' para el 'Número de RUC asociado al punto de llegada' en el listado, es diferente al 'Ubigeo de llegada' consignado ERROR 3371 El codigo de establecimiento anexo del punto de llegada no coincide con el ubigeo de llegada consignado REST Establecimientos Anexos
                                                                                "PE:SUNAT" @listAgencyName Si existe el atributo, el valor ingresado es diferente a 'PE:SUNAT' OBSERV 4251 El dato ingresado como atributo @listAgencyName es incorrecto. XSL
                                                                                "Establecimientos anexos" @listName Si existe el atributo, el valor ingresado es diferente a 'Establecimientos anexos' OBSERV 4252 El dato ingresado como atributo @listName es incorrecto. XSL
                                                                                69 Punto de georreferencia de llegada Global C an..13 n(3,8) /DespatchAdvice/cac:Shipment/cac:Delivery/cac:DeliveryAddress/cac:LocationCoordinate/cbc:LatitudeDegreesMeasure (Longitud) El formato del Tag UBL es diferente de númerico de hasta 3 enteros y hasta 8 decimales (acepta valores positivos o negativos) ERROR 3413 El valor ingresado como Punto de georreferencia no cumple con el formato establecido XSL
                                                                                an2 'DD' @unitCode <<< SIN VALIDACIÓN>>> - -
                                                                                    an..13 n(3,8) /DespatchAdvice/cac:Shipment/cac:Delivery/cac:DeliveryAddress/cac:LocationCoordinate/cbc:LongitudeDegreesMeasure (Latitud) El formato del Tag UBL es diferente de númerico de hasta 3 enteros y hasta 8 decimales (acepta valores positivos o negativos) ERROR 3413 El valor ingresado como Punto de georreferencia no cumple con el formato establecido XSL
                                                                                    an2 'DD' @unitCode <<< SIN VALIDACIÓN>>> - -
                                                                                        Puerto o Aeropuerto de embarque/desembarque
                                                                                        70 Código del Puerto Global C an3 (Catálogo N° 63) /DespatchAdvice/cac:Shipment/cac:FirstArrivalPortLocation/cbc:ID (Código del puerto) Si el 'Motivo de traslado' es '08' o '09', el 'Tipo de locacion' es '1', no existe el Tag UBL o es vacío OBSERV 4413 SI ingresa el Tipo de locacion debe consignar el Codigo de puerto/aeropuerto XSL
                                                                                        Si el Tag UBL existe y es diferente de vacío, el 'Motivo de traslado' es '08' o '09', el 'Tipo de locacion' es '1', el valor del Tag UBL no se encuentra en el listado ERROR 3459 El dato ingresado como codigo del puerto no corresponde a un valor esperado XSL Catálogo (063)
                                                                                        "PE:SUNAT" @schemeAgencyName Si existe el atributo, el valor ingresado es diferente a 'PE:SUNAT' OBSERV 4256 El dato ingresado como atributo @schemeAgencyName es incorrecto. XSL
                                                                                        "Puertos" @schemeName Si existe el atributo y el 'Tipo de locación' es '1', el valor ingresado es diferente a 'Puertos' OBSERV 4255 El dato ingresado como atributo @schemeName es incorrecto. XSL
                                                                                        "urn:pe:gob:sunat:cpe:see:gem:catalogos:catalogo63" @schemeURI Si 'Tipo de locación' es '1' y existe el atributo, el valor ingresado es diferente a 'urn:pe:gob:sunat:cpe:see:gem:catalogos:catalogo63' OBSERV 4257 El dato ingresado como atributo @schemeURI es incorrecto. XSL
                                                                                        an1 '1' Puerto /DespatchAdvice/cac:Shipment/cac:FirstArrivalPortLocation/cbc:LocationTypeCode (Tipo de locación) Si el 'Motivo de traslado' es '08' o '09', existe 'Código del puerto' con valor diferente de vacío, no existe el Tag UBL o es vacío OBSERV 4415 SI ingresa el Codigo del puerto/aeropuerto debe consignar el Tipo de locacion XSL
                                                                                        Si el 'Motivo de traslado' es '08' o '09', existe 'Código del puerto' con valor diferente de vacío, el valor del Tag UBL es diferente de '1' y diferente de '2' OBSERV 4416 El dato ingresado como Tipo de locacion no corresponde a un valor esperado XSL
                                                                                        71 Código del Aeropuerto Global C an3 (Catálogo N° 64) /DespatchAdvice/cac:Shipment/cac:FirstArrivalPortLocation/cbc:ID (Código del aeropuerto) Si el 'Motivo de traslado' es '08', el 'Tipo de locacion' es '2', no existe el Tag UBL o es vacío OBSERV 4413 SI ingresa el Tipo de locacion debe consignar el Codigo de puerto/aeropuerto XSL
                                                                                        Si el Tag UBL existe y es diferente de vacío, el 'Motivo de traslado' es '08', el 'Tipo de locacion' es '2', el valor del Tag UBL no se encuentra en el listado ERROR 3460 El dato ingresado como codigo del aeropuerto no corresponde a un valor esperado XSL Catálogo (064)
                                                                                        "PE:SUNAT" @schemeAgencyName Si existe el atributo, el valor ingresado es diferente a 'PE:SUNAT' OBSERV 4256 El dato ingresado como atributo @schemeAgencyName es incorrecto. XSL
                                                                                        "Aeropuertos" @schemeName Si existe el atributo y el 'Tipo de locación' es '2', el valor ingresado es diferente a 'Aeropuertos' OBSERV 4255 El dato ingresado como atributo @schemeName es incorrecto. XSL
                                                                                        "urn:pe:gob:sunat:cpe:see:gem:catalogos:catalogo64" @schemeURI Si 'Tipo de locación' es '2' y existe el atributo, el valor ingresado es diferente a 'urn:pe:gob:sunat:cpe:see:gem:catalogos:catalogo64' OBSERV 4257 El dato ingresado como atributo @schemeURI es incorrecto. XSL
                                                                                        an1 '2' Aeropuerto /DespatchAdvice/cac:Shipment/cac:FirstArrivalPortLocation/cbc:LocationTypeCode (Tipo de locación) Si el 'Motivo de traslado' es '08', existe 'Código del aeropuerto' con valor diferente de vacío, no existe el Tag UBL o es vacío OBSERV 4415 SI ingresa el Codigo del puerto/aeropuerto debe consignar el Tipo de locacion XSL
                                                                                        Si el 'Motivo de traslado' es '08', existe 'Código del aeropuerto' con valor diferente de vacío, el valor del Tag UBL es diferente de '1' y diferente de '2' OBSERV 4416 El dato ingresado como Tipo de locacion no corresponde a un valor esperado XSL
                                                                                        72 Nombre del puerto o aeropuerto Global C an..200 /DespatchAdvice/cac:Shipment/cac:FirstArrivalPortLocation/cbc:Name Si existe 'Código de puerto' o 'Código de aeropuerto' con valor diferente a vacio, el Tag UBL no existe o es vacío OBSERV 4418 El Nombre del Puerto o Aeropuerto no existe o no contiene informacion XSL
                                                                                        Bienes a trasladar - Incremental
                                                                                        73 Número de orden del item Ítem C n..4 /DespatchAdvice/cac:DespatchLine/cbc:ID El formato del Tag UBL es diferente de numérico de hasta 4 dígitos ERROR 2023 El Numero de orden del item no cumple con el formato establecido XSL
                                                                                        El valor del Tag UBL se repite en el /DespatchAdvice ERROR 2752 El número de ítem no puede estar duplicado. XSL
                                                                                        /DespatchAdvice/cac:DespatchLine/cac:OrderLineReference/cbc:LineID <<< SIN VALIDACIÓN>>> - -
                                                                                            74 Cantidad del bien Ítem C an..23 n(12,10) /DespatchAdvice/cac:DespatchLine/cbc:DeliveredQuantity Si no existe el 'Indicador de traslado total de la DAM o la DS' (Falso), el Tag UBL no existe o es cero (0) ERROR 2580 El XML No contiene el tag o no existe información de la cantidad del item. XSL
                                                                                            Si el Tag UBL existe, el formato del Tag UBL es diferente de decimal positivo de 12 enteros y hasta 10 decimales ERROR 2780 El valor ingresado en cantidad de items no cumple con el estandar XSL
                                                                                            Si existe el 'Indicador de traslado total de la DAM o la DS' (Verdadero), el motivo de traslado es '08', el valor del Tag UBL es diferente a la cantidad de la serie (Número de serie) en la DAM o DS OBSERV 4436 Ya se ha emitido una GRE por esta DAM o DS. La generacion de la GRE sera bajo su responsabilidad pues no se cuenta con saldo suficiente para este tipo de traslado REST Detalle de DAM y DS
                                                                                            75 Unidad de medida del bien Ítem C an..3 "(Catálogo N° 03)
                                                                                            (Catálogo N° 65)" /DespatchAdvice/cac:DespatchLine/cbc:DeliveredQuantity@unitCode Si no existe el 'Indicador de traslado total de la DAM o la DS' (Falso), no existe el atributo o es vacío ERROR 2883 Es obligatorio indicar la unidad de medida del ítem XSL
                                                                                            Si no existe el 'Indicador de traslado total de la DAM o la DS' (Falso), el motivo de traslado es diferente a '08', '09' y '13', el valor del atributo no está en el listado del Catálogo 03 OBSERV 4320 El dato ingresado como unidad de medida no corresponde al valor esperado XSL Catálogo (003)
                                                                                            Si no existe el 'Indicador de traslado total de la DAM o la DS' (Falso), el motivo de traslado es '13', el valor del atributo no está en el Catálogo 03 y Catálogo 65 OBSERV 4320 El dato ingresado como unidad de medida no corresponde al valor esperado XSL
                                                                                            Si no existe el 'Indicador de traslado total de la DAM o la DS' (Falso), el motivo de traslado es '08' o '09', el valor del atributo no está en el listado Catálogo 65 ERROR 3446 El dato ingresado como unidad de medida no corresponde al valor esperado XSL Catálogo (065)
                                                                                            "UN/ECE rec 20" @unitCodeListID Si existe el atributo, el valor ingresado es diferente a 'UN/ECE rec 20' OBSERV 4258 El dato ingresado como atributo @unitCodeListID es incorrecto. XSL
                                                                                            '"United Nations Economic Commission for Europe" @unitCodeListAgencyName Si existe el atributo, el valor ingresado es diferente a 'United Nations Economic Commission for Europe' OBSERV 4259 El dato ingresado como atributo @unitCodeListAgencyName es incorrecto. XSL
                                                                                            76 Descripción detallada del bien Ítem C an..500 - /DespatchAdvice/cac:DespatchLine/cac:Item/cbc:Description Si no existe el 'Indicador de traslado total de la DAM o la DS' (Falso), el Tag UBL no existe o está vacío ERROR 2781 El XML no contiene el atributo o no existe informacion de descripcion del items XSL
                                                                                            Si existe el Tag UBL, el formato del Tag UBL es diferente a alfanumérico de 3 hasta 500 caracteres (se considera cualquier carácter, permite 'whitespace character': espacio, salto de línea, fin de línea, tab, etc. No se permiten solo espacios en blanco) OBSERV 4084 Descripción del Ítem - El dato ingresado no cumple con el formato establecido. XSL
                                                                                            77 Código del bien Ítem C an..30 - /DespatchAdvice/cac:DespatchLine/cac:Item/cac:SellersItemIdentification/cbc:ID Si el Tag UBL existe, el formato del Tag UBL es diferente a alfanumérico de hasta 30 caracteres (se considera cualquier carácter incluido espacio, no se permite ningún otro 'whitespace character': salto de línea, tab, fin de línea, etc.) OBSERV 4085 Código del Ítem - El dato ingresado no cumple con el formato establecido. XSL
                                                                                            78 Código producto SUNAT Ítem C n..8 (Catálogo N.° 25) "/DespatchAdvice/cac:DespatchLine/cac:Item/cac:CommodityClassification/
                                                                                            cbc:ItemClassificationCode" Si no existe el 'Indicador de traslado total de la DAM o la DS' (Falso), y el 'Indicador de bien normalizado' es '1', no existe el Tag UBL o es vacío ERROR 3372 Si el bien es regulado por SUNAT (existe Indicador de bien normalizado), debe indicar el Codigo de producto SUNAT XSL
                                                                                            Si el Tag UBL existe y es diferente de vacío, el valor del Tag UBL es diferente a numérico de hasta 8 caracteres (no se acepta solamente ceros) ERROR 3002 El Código producto de SUNAT no es válido XSL
                                                                                            Si el Tag UBL existe y es diferente de vacío, el valor del Tag UBL no está en el listado ERROR 3373 El Codigo de Producto SUNAT no se encuentra en el listado XSL Catálogo (025)
                                                                                            Si no existe el 'Indicador de traslado total de la DAM o la DS' (Falso), y el 'Indicador de bien normalizado' es '1', el Tag UBL existe y es diferente de vacío, el valor del Tag UBL no está en el listado de bienes normalizados ERROR 3425 El Codigo de producto SUNAT no esta en el listado de bienes normalizados XSL Catálogo (062)
                                                                                            "UNSPSC" @listID Si existe el atributo, el valor ingresado es diferente a 'UNSPSC' OBSERV 4254 El dato ingresado como atributo @listID es incorrecto. XSL
                                                                                            "GS1 US" @listAgencyName Si existe el atributo, el valor ingresado es diferente a 'GS1 US' OBSERV 4251 El dato ingresado como atributo @listAgencyName es incorrecto. XSL
                                                                                            "Item Classification" @listName Si existe el atributo, el valor ingresado es diferente a 'Item Classification' OBSERV 4252 El dato ingresado como atributo @listName es incorrecto. XSL
                                                                                            79 Código GTIN Ítem C an..14 - /DespatchAdvice/cac:DespatchLine/cac:Item/cac:StandardItemIdentification/cbc:ID (Código de producto GTIN) Si el Tag UBL existe y es diferente de vacío, el valor del Tag UBL es diferente de alfanumérico de hasta 14 caracteres ERROR 3375 El Codigo de Producto GTIN no cumple con el formato establecido XSL
                                                                                            @schemeID (Tipo de estructura GTIN) Si existe el atributo, el valor ingresado es diferente a 'GTIN-8', 'GTIN-12', 'GTIN-13' y 'GTIN-14' OBSERV 4335 El tipo de estructura GS1 no tiene un valor permitido XSL
                                                                                            "80

                                                                                            81

                                                                                            82

                                                                                            83" "Partida arancelaria

                                                                                            Indicador de bien normalizado

                                                                                            Numeración de la DAM o DS

                                                                                            Número de serie en la DAM o DS" Ítem C an..100 /DespatchAdvice/cac:DespatchLine/cac:Item/cac:AdditionalItemProperty/cbc:Name (Nombre del concepto) Si existe el tag y es vacío OBSERV 4235 No existe información en el nombre del concepto. XSL
                                                                                            an4 (Catálogo N.° 55) /DespatchAdvice/cac:DespatchLine/cac:Item/cac:AdditionalItemProperty/cbc:NameCode (Código del concepto) Si no existe el 'Indicador de traslado total de la DAM o la DS' (Falso), y el 'Indicador de bien normalizado' es '1', no existe el Tag con valor '7020' (Partida arancelaria) ERROR 3426 Si se trata de un bien normalizado por SUNAT, debe indicarse la Partida arancelaria XSL
                                                                                            Si el 'Motivo de traslado' es '08' o '09', no existe el 'Indicador de traslado total de la DAM o la DS' (Falso), no existe el Tag con valor '7021' (Numeración de la DAM o DS) ERROR 3427 Si el Motivo de traslado es 08-Importacion o 09-Exportacion y no es un Traslado Total de la DAM o DS, debe consignar la Numeracion de la DAM o DS XSL
                                                                                            Si el 'Motivo de traslado' es '08' o '09', no existe el 'Indicador de traslado total de la DAM o la DS' (Falso), no existe el Tag con valor '7023' (Numero de serie en la DAM o DS) ERROR 3428 Si el Motivo de traslado es 08-Importacion o 09-Exportacion y no es un Traslado Total de la DAM o DS, debe consignar la Numero de serie en la DAM o DS XSL
                                                                                            "Propiedad del item" @listName Si existe el atributo, el valor ingresado es diferente a 'Propiedad del item' OBSERV 4252 El dato ingresado como atributo @listName es incorrecto. XSL
                                                                                            "PE:SUNAT" @listAgencyName Si existe el atributo, el valor ingresado es diferente a 'PE:SUNAT' OBSERV 4251 El dato ingresado como atributo @listAgencyName es incorrecto. XSL
                                                                                            "urn:pe:gob:sunat:cpe:see:gem:catalogos:catalogo55" @listURI Si existe el atributo, el valor ingresado es diferente a 'urn:pe:gob:sunat:cpe:see:gem:catalogos:catalogo55' OBSERV 4253 El dato ingresado como atributo @listURI es incorrecto. XSL
                                                                                            "n..10








                                                                                            n1" /DespatchAdvice/cac:DespatchLine/cac:Item/cac:AdditionalItemProperty/cbc:Value Partida arancelaria) De existir 'Código del concepto' '7020' o '7021' o '7022' o '7023', y no existe el tag o es vacio ERROR 3064 El XML no contiene tag o no existe información del valor del concepto por linea. XSL
                                                                                            Si el 'Código del concepto' es '7020', el valor del Tag UBL es diferente a numérico de hasta 10 caracteres (no se acepta solamente ceros) ERROR 3377 La Partida arancelaria no cumple con el formato establecido XSL
                                                                                            Si el 'Código del concepto' es '7020', el valor del Tag UBL no se encuentra en el listado de Partidas arancelarias ERROR 3378 La Partida arancelaria no se encuentra en el listado REST Partida arancelaria
                                                                                            Si el 'Código del concepto' es '7020', y no existe el 'Indicador de traslado total de la DAM o la DS' (Falso), y el 'Indicador de bien normalizado' es '1', el valor del Tag UBL no está en el listado de bienes normalizados ERROR 3429 La Partida arancelaria no esta en el listado de bienes normalizados XSL Catálogo (062)
                                                                                            """0"" Falso
                                                                                            ""1"" Verdadero" /DespatchAdvice/cac:DespatchLine/cac:Item/cac:AdditionalItemProperty/cbc:Value (Indicador de bien normalizado) Si el 'Código de concepto' es '7022', el valor del Tag UBL es diferente de '0' y diferente de '1' ERROR 3396 El Indicador de bien normalizado es invalido XSL
                                                                                            Si no existe el 'Indicador de traslado total de la DAM o la DS' (Falso), y el 'Código del concepto' es '7022' y el valor del Tag UBL es '1', no existe al menos un documento relacionado (cac:AdditionalDocumentReference) con 'Código del tipo de documento' (cbc:DocumentTypeCode) igual a '49' o '80' ERROR 3379 Debe consignar un documento relacionado igual a '49' (solo en caso de GRE-Remitente) u '80' para un traslado que comprende un bien normalizado XSL
                                                                                            an..18 an..18 /DespatchAdvice/cac:DespatchLine/cac:Item/cac:AdditionalItemProperty/cbc:Value (Numeración de la DAM o DS) "Si el 'Código de concepto' es '7021', el formato del Tag UBL es diferente a:
                                                                                            - [0-9]{3}-[0-9]{4}-[0-9]{2}-[0-9]{1,6}" ERROR 2769 El valor ingresado como numero de DAM no cumple con el estandar. XSL
                                                                                            Si el 'Código de concepto' es '7021', y el 'Motivo de traslado' es '08' o '09', y no existe el 'Indicador de traslado total de la DAM o la DS' (Falso), el valor del Tag UBL no coincide con algún 'Número de documento relacionado' con 'Código de tipo de documento relacionado' igual a '50' o '52' ERROR 3430 La Numeracion de la DAM o DS no se encuentra consignado como documento relacionado XSL
                                                                                            an..4 n..4 /DespatchAdvice/cac:DespatchLine/cac:Item/cac:AdditionalItemProperty/cbc:Value (Número de serie en la DAM o DS) "Si el 'Código de concepto' es '7023', el valor del Tag UBL es diferente a numérico de hasta 04 caracteres
                                                                                            " ERROR 3431 El Numero de la serie en la DAM o DS no cumple con el formato establecido XSL
                                                                                            Si el 'Código de concepto' es '7023', y el 'Motivo de traslado' es '08' o '09' y no existe el 'Indicador de traslado total de la DAM o la DS' (Falso), el valor del Tag UBL no existe como número de serie de la DAM o DS consignada ERROR 3432 El Numero de la serie en la DAM o DS no coincide con algun numero de serie de la DAM o DS consignada REST Detalle de DAM y DS
                                                                                            Firma Digital
                                                                                            84 Firma digital Global M an..3000 La firma digital no existe ERROR 1059 El XML no contiene firma digital. Firmas digitales vigentes
                                                                                            La firma digital no cumple los requisitos de vigencia. ERROR 2336 Ocurrió un error en el proceso de validación de la firma digital